Archive member included to satisfy reference by file (symbol)

C:/Users/Monard/.pico-sdk/toolchain/15_2_Rel1/bin/../lib/gcc/arm-none-eabi/15.2.1/thumb/v6-m/nofp\libgcc.a(_dvmd_tls.o)
                              CMakeFiles/WirelessKeyboard.dir/C_/Users/Monard/.pico-sdk/sdk/2.3.0/src/rp2_common/pico_divider/divider_hardware.S.obj (__aeabi_idiv0)
C:/Users/Monard/.pico-sdk/toolchain/15_2_Rel1/bin/../lib/gcc/arm-none-eabi/15.2.1/../../../../arm-none-eabi/lib/thumb/v6-m/nofp\libg.a(libc_a-calloc.o)
                              CMakeFiles/WirelessKeyboard.dir/C_/Users/Monard/.pico-sdk/sdk/2.3.0/src/rp2_common/pico_malloc/malloc.c.obj (calloc)
C:/Users/Monard/.pico-sdk/toolchain/15_2_Rel1/bin/../lib/gcc/arm-none-eabi/15.2.1/../../../../arm-none-eabi/lib/thumb/v6-m/nofp\libg.a(libc_a-callocr.o)
                              C:/Users/Monard/.pico-sdk/toolchain/15_2_Rel1/bin/../lib/gcc/arm-none-eabi/15.2.1/../../../../arm-none-eabi/lib/thumb/v6-m/nofp\libg.a(libc_a-calloc.o) (_calloc_r)
C:/Users/Monard/.pico-sdk/toolchain/15_2_Rel1/bin/../lib/gcc/arm-none-eabi/15.2.1/../../../../arm-none-eabi/lib/thumb/v6-m/nofp\libg.a(libc_a-malloc.o)
                              CMakeFiles/WirelessKeyboard.dir/C_/Users/Monard/.pico-sdk/sdk/2.3.0/src/rp2_common/pico_malloc/malloc.c.obj (malloc)
C:/Users/Monard/.pico-sdk/toolchain/15_2_Rel1/bin/../lib/gcc/arm-none-eabi/15.2.1/../../../../arm-none-eabi/lib/thumb/v6-m/nofp\libg.a(libc_a-mallocr.o)
                              C:/Users/Monard/.pico-sdk/toolchain/15_2_Rel1/bin/../lib/gcc/arm-none-eabi/15.2.1/../../../../arm-none-eabi/lib/thumb/v6-m/nofp\libg.a(libc_a-callocr.o) (_malloc_r)
C:/Users/Monard/.pico-sdk/toolchain/15_2_Rel1/bin/../lib/gcc/arm-none-eabi/15.2.1/../../../../arm-none-eabi/lib/thumb/v6-m/nofp\libg.a(libc_a-mlock.o)
                              C:/Users/Monard/.pico-sdk/toolchain/15_2_Rel1/bin/../lib/gcc/arm-none-eabi/15.2.1/../../../../arm-none-eabi/lib/thumb/v6-m/nofp\libg.a(libc_a-mallocr.o) (__malloc_lock)
C:/Users/Monard/.pico-sdk/toolchain/15_2_Rel1/bin/../lib/gcc/arm-none-eabi/15.2.1/../../../../arm-none-eabi/lib/thumb/v6-m/nofp\libg.a(libc_a-realloc.o)
                              CMakeFiles/WirelessKeyboard.dir/C_/Users/Monard/.pico-sdk/sdk/2.3.0/src/rp2_common/pico_malloc/malloc.c.obj (realloc)
C:/Users/Monard/.pico-sdk/toolchain/15_2_Rel1/bin/../lib/gcc/arm-none-eabi/15.2.1/../../../../arm-none-eabi/lib/thumb/v6-m/nofp\libg.a(libc_a-reallocr.o)
                              C:/Users/Monard/.pico-sdk/toolchain/15_2_Rel1/bin/../lib/gcc/arm-none-eabi/15.2.1/../../../../arm-none-eabi/lib/thumb/v6-m/nofp\libg.a(libc_a-realloc.o) (_realloc_r)
C:/Users/Monard/.pico-sdk/toolchain/15_2_Rel1/bin/../lib/gcc/arm-none-eabi/15.2.1/../../../../arm-none-eabi/lib/thumb/v6-m/nofp\libg.a(libc_a-memcmp.o)
                              CMakeFiles/WirelessKeyboard.dir/C_/Users/Monard/.pico-sdk/sdk/2.3.0/src/rp2_common/pico_atomic/atomic.c.obj (memcmp)
C:/Users/Monard/.pico-sdk/toolchain/15_2_Rel1/bin/../lib/gcc/arm-none-eabi/15.2.1/../../../../arm-none-eabi/lib/thumb/v6-m/nofp\libg.a(libc_a-memmove.o)
                              C:/Users/Monard/.pico-sdk/toolchain/15_2_Rel1/bin/../lib/gcc/arm-none-eabi/15.2.1/../../../../arm-none-eabi/lib/thumb/v6-m/nofp\libg.a(libc_a-reallocr.o) (memmove)
C:/Users/Monard/.pico-sdk/toolchain/15_2_Rel1/bin/../lib/gcc/arm-none-eabi/15.2.1/../../../../arm-none-eabi/lib/thumb/v6-m/nofp\libg.a(libc_a-lcltime_r.o)
                              CMakeFiles/WirelessKeyboard.dir/C_/Users/Monard/.pico-sdk/sdk/2.3.0/src/common/pico_util/datetime.c.obj (localtime_r)
C:/Users/Monard/.pico-sdk/toolchain/15_2_Rel1/bin/../lib/gcc/arm-none-eabi/15.2.1/../../../../arm-none-eabi/lib/thumb/v6-m/nofp\libg.a(libc_a-mktime.o)
                              CMakeFiles/WirelessKeyboard.dir/C_/Users/Monard/.pico-sdk/sdk/2.3.0/src/common/pico_util/datetime.c.obj (mktime)
C:/Users/Monard/.pico-sdk/toolchain/15_2_Rel1/bin/../lib/gcc/arm-none-eabi/15.2.1/../../../../arm-none-eabi/lib/thumb/v6-m/nofp\libg.a(libc_a-month_lengths.o)
                              C:/Users/Monard/.pico-sdk/toolchain/15_2_Rel1/bin/../lib/gcc/arm-none-eabi/15.2.1/../../../../arm-none-eabi/lib/thumb/v6-m/nofp\libg.a(libc_a-lcltime_r.o) (__month_lengths)
C:/Users/Monard/.pico-sdk/toolchain/15_2_Rel1/bin/../lib/gcc/arm-none-eabi/15.2.1/../../../../arm-none-eabi/lib/thumb/v6-m/nofp\libg.a(libc_a-tzcalc_limits.o)
                              C:/Users/Monard/.pico-sdk/toolchain/15_2_Rel1/bin/../lib/gcc/arm-none-eabi/15.2.1/../../../../arm-none-eabi/lib/thumb/v6-m/nofp\libg.a(libc_a-lcltime_r.o) (__tzcalc_limits)
C:/Users/Monard/.pico-sdk/toolchain/15_2_Rel1/bin/../lib/gcc/arm-none-eabi/15.2.1/../../../../arm-none-eabi/lib/thumb/v6-m/nofp\libg.a(libc_a-tzlock.o)
                              C:/Users/Monard/.pico-sdk/toolchain/15_2_Rel1/bin/../lib/gcc/arm-none-eabi/15.2.1/../../../../arm-none-eabi/lib/thumb/v6-m/nofp\libg.a(libc_a-lcltime_r.o) (__tz_lock)
[...]
Memory Configuration

Name             Origin             Length             Attributes
FLASH            0x10000000         0x00200000         xr
XIP_RAM          0x15000000         0x00004000         xrw
RAM              0x20000000         0x00040000         xrw
SCRATCH_X        0x20040000         0x00001000         xrw
SCRATCH_Y        0x20041000         0x00001000         xrw
*default*        0x00000000         0xffffffff

Linker script and memory map

                0x20000000                        RAM_ORIGIN_DEFAULT = 0x20000000
                0x00040000                        RAM_LENGTH_DEFAULT = 0x40000
                0x20040000                        SCRATCH_X_ORIGIN_DEFAULT = 0x20040000
                0x00001000                        SCRATCH_X_LENGTH_DEFAULT = 0x1000
                0x20041000                        SCRATCH_Y_ORIGIN_DEFAULT = 0x20041000
                0x00001000                        SCRATCH_Y_LENGTH_DEFAULT = 0x1000
                0x15000000                        XIP_RAM_ORIGIN_DEFAULT = 0x15000000
                0x00004000                        XIP_RAM_LENGTH_DEFAULT = 0x4000
LOAD CMakeFiles/WirelessKeyboard.dir/WirelessKeyboard.c.obj
LOAD CMakeFiles/WirelessKeyboard.dir/C_/Users/Monard/.pico-sdk/sdk/2.3.0/lib/tinyusb/src/portable/raspberrypi/pio_usb/hcd_pio_usb.c.obj
LOAD CMakeFiles/WirelessKeyboard.dir/C_/Users/Monard/.pico-sdk/sdk/2.3.0/src/rp2_common/pico_stdlib/stdlib.c.obj
LOAD CMakeFiles/WirelessKeyboard.dir/C_/Users/Monard/.pico-sdk/sdk/2.3.0/src/rp2_common/hardware_gpio/gpio.c.obj
LOAD CMakeFiles/WirelessKeyboard.dir/C_/Users/Monard/.pico-sdk/sdk/2.3.0/src/rp2040/pico_platform/platform.c.obj
LOAD CMakeFiles/WirelessKeyboard.dir/C_/Users/Monard/.pico-sdk/sdk/2.3.0/src/rp2_common/pico_platform_common/common.c.obj
LOAD CMakeFiles/WirelessKeyboard.dir/C_/Users/Monard/.pico-sdk/sdk/2.3.0/src/rp2_common/pico_platform_panic/panic.c.obj
LOAD CMakeFiles/WirelessKeyboard.dir/C_/Users/Monard/.pico-sdk/sdk/2.3.0/src/rp2_common/pico_platform_panic/custom_panic_function.S.obj
LOAD CMakeFiles/WirelessKeyboard.dir/C_/Users/Monard/.pico-sdk/sdk/2.3.0/src/common/hardware_claim/claim.c.obj
LOAD CMakeFiles/WirelessKeyboard.dir/C_/Users/Monard/.pico-sdk/sdk/2.3.0/src/rp2_common/hardware_sync/sync.c.obj
LOAD CMakeFiles/WirelessKeyboard.dir/C_/Users/Monard/.pico-sdk/sdk/2.3.0/src/rp2_common/hardware_sync_spin_lock/sync_spin_lock.c.obj
LOAD CMakeFiles/WirelessKeyboard.dir/C_/Users/Monard/.pico-sdk/sdk/2.3.0/src/rp2_common/hardware_irq/irq.c.obj
LOAD CMakeFiles/WirelessKeyboard.dir/C_/Users/Monard/.pico-sdk/sdk/2.3.0/src/rp2_common/hardware_irq/irq_handler_chain.S.obj
LOAD CMakeFiles/WirelessKeyboard.dir/C_/Users/Monard/.pico-sdk/sdk/2.3.0/src/common/pico_sync/sem.c.obj
LOAD CMakeFiles/WirelessKeyboard.dir/C_/Users/Monard/.pico-sdk/sdk/2.3.0/src/common/pico_sync/lock_core.c.obj
LOAD CMakeFiles/WirelessKeyboard.dir/C_/Users/Monard/.pico-sdk/sdk/2.3.0/src/common/pico_sync/mutex.c.obj
LOAD CMakeFiles/WirelessKeyboard.dir/C_/Users/Monard/.pico-sdk/sdk/2.3.0/src/common/pico_sync/critical_section.c.obj
LOAD CMakeFiles/WirelessKeyboard.dir/C_/Users/Monard/.pico-sdk/sdk/2.3.0/src/common/pico_time/time.c.obj
LOAD CMakeFiles/WirelessKeyboard.dir/C_/Users/Monard/.pico-sdk/sdk/2.3.0/src/common/pico_time/timeout_helper.c.obj
LOAD CMakeFiles/WirelessKeyboard.dir/C_/Users/Monard/.pico-sdk/sdk/2.3.0/src/rp2_common/hardware_timer/timer.c.obj
LOAD CMakeFiles/WirelessKeyboard.dir/C_/Users/Monard/.pico-sdk/sdk/2.3.0/src/common/pico_util/datetime.c.obj
LOAD CMakeFiles/WirelessKeyboard.dir/C_/Users/Monard/.pico-sdk/sdk/2.3.0/src/common/pico_util/fixed_bitset.c.obj
LOAD CMakeFiles/WirelessKeyboard.dir/C_/Users/Monard/.pico-sdk/sdk/2.3.0/src/common/pico_util/pheap.c.obj
LOAD CMakeFiles/WirelessKeyboard.dir/C_/Users/Monard/.pico-sdk/sdk/2.3.0/src/common/pico_util/queue.c.obj
LOAD CMakeFiles/WirelessKeyboard.dir/C_/Users/Monard/.pico-sdk/sdk/2.3.0/src/rp2_common/hardware_uart/uart.c.obj
LOAD CMakeFiles/WirelessKeyboard.dir/C_/Users/Monard/.pico-sdk/sdk/2.3.0/src/rp2_common/hardware_clocks/clocks.c.obj
LOAD CMakeFiles/WirelessKeyboard.dir/C_/Users/Monard/.pico-sdk/sdk/2.3.0/src/rp2_common/hardware_pll/pll.c.obj
LOAD CMakeFiles/WirelessKeyboard.dir/C_/Users/Monard/.pico-sdk/sdk/2.3.0/src/rp2_common/hardware_vreg/vreg.c.obj
LOAD CMakeFiles/WirelessKeyboard.dir/C_/Users/Monard/.pico-sdk/sdk/2.3.0/src/rp2_common/hardware_watchdog/watchdog.c.obj
LOAD CMakeFiles/WirelessKeyboard.dir/C_/Users/Monard/.pico-sdk/sdk/2.3.0/src/rp2_common/hardware_ticks/ticks.c.obj
LOAD CMakeFiles/WirelessKeyboard.dir/C_/Users/Monard/.pico-sdk/sdk/2.3.0/src/rp2_common/pico_bootrom/bootrom.c.obj
LOAD CMakeFiles/WirelessKeyboard.dir/C_/Users/Monard/.pico-sdk/sdk/2.3.0/src/rp2_common/pico_bootrom/bootrom_lock.c.obj
LOAD CMakeFiles/WirelessKeyboard.dir/C_/Users/Monard/.pico-sdk/sdk/2.3.0/src/rp2_common/hardware_boot_lock/boot_lock.c.obj
LOAD CMakeFiles/WirelessKeyboard.dir/C_/Users/Monard/.pico-sdk/sdk/2.3.0/src/rp2_common/pico_flash/flash.c.obj
LOAD CMakeFiles/WirelessKeyboard.dir/C_/Users/Monard/.pico-sdk/sdk/2.3.0/src/rp2_common/hardware_xosc/xosc.c.obj
LOAD CMakeFiles/WirelessKeyboard.dir/C_/Users/Monard/.pico-sdk/sdk/2.3.0/src/rp2_common/hardware_divider/divider.S.obj
LOAD CMakeFiles/WirelessKeyboard.dir/C_/Users/Monard/.pico-sdk/sdk/2.3.0/src/rp2_common/pico_runtime/runtime.c.obj
LOAD CMakeFiles/WirelessKeyboard.dir/C_/Users/Monard/.pico-sdk/sdk/2.3.0/src/rp2_common/pico_runtime_init/runtime_init.c.obj
LOAD CMakeFiles/WirelessKeyboard.dir/C_/Users/Monard/.pico-sdk/sdk/2.3.0/src/rp2_common/pico_runtime_init/runtime_init_clocks.c.obj
LOAD CMakeFiles/WirelessKeyboard.dir/C_/Users/Monard/.pico-sdk/sdk/2.3.0/src/rp2_common/pico_runtime_init/runtime_init_stack_guard.c.obj
LOAD CMakeFiles/WirelessKeyboard.dir/C_/Users/Monard/.pico-sdk/sdk/2.3.0/src/rp2_common/hardware_rtc/rtc.c.obj
LOAD CMakeFiles/WirelessKeyboard.dir/C_/Users/Monard/.pico-sdk/sdk/2.3.0/src/rp2_common/pico_bit_ops/bit_ops_aeabi.S.obj
LOAD CMakeFiles/WirelessKeyboard.dir/C_/Users/Monard/.pico-sdk/sdk/2.3.0/src/rp2_common/pico_divider/divider_hardware.S.obj
LOAD CMakeFiles/WirelessKeyboard.dir/C_/Users/Monard/.pico-sdk/sdk/2.3.0/src/rp2_common/pico_double/double_aeabi_rp2040.S.obj
LOAD CMakeFiles/WirelessKeyboard.dir/C_/Users/Monard/.pico-sdk/sdk/2.3.0/src/rp2_common/pico_double/double_init_rom_rp2040.c.obj
LOAD CMakeFiles/WirelessKeyboard.dir/C_/Users/Monard/.pico-sdk/sdk/2.3.0/src/rp2_common/pico_double/double_math.c.obj
LOAD CMakeFiles/WirelessKeyboard.dir/C_/Users/Monard/.pico-sdk/sdk/2.3.0/src/rp2_common/pico_double/double_v1_rom_shim_rp2040.S.obj
LOAD CMakeFiles/WirelessKeyboard.dir/C_/Users/Monard/.pico-sdk/sdk/2.3.0/src/rp2_common/pico_int64_ops/pico_int64_ops_aeabi.S.obj
LOAD CMakeFiles/WirelessKeyboard.dir/C_/Users/Monard/.pico-sdk/sdk/2.3.0/src/rp2_common/pico_float/float_aeabi_rp2040.S.obj
LOAD CMakeFiles/WirelessKeyboard.dir/C_/Users/Monard/.pico-sdk/sdk/2.3.0/src/rp2_common/pico_float/float_init_rom_rp2040.c.obj
LOAD CMakeFiles/WirelessKeyboard.dir/C_/Users/Monard/.pico-sdk/sdk/2.3.0/src/rp2_common/pico_float/float_math.c.obj
LOAD CMakeFiles/WirelessKeyboard.dir/C_/Users/Monard/.pico-sdk/sdk/2.3.0/src/rp2_common/pico_float/float_v1_rom_shim_rp2040.S.obj
LOAD CMakeFiles/WirelessKeyboard.dir/C_/Users/Monard/.pico-sdk/sdk/2.3.0/src/rp2_common/pico_malloc/malloc.c.obj
LOAD CMakeFiles/WirelessKeyboard.dir/C_/Users/Monard/.pico-sdk/sdk/2.3.0/src/rp2_common/pico_mem_ops/mem_ops_aeabi.S.obj
LOAD CMakeFiles/WirelessKeyboard.dir/C_/Users/Monard/.pico-sdk/sdk/2.3.0/src/rp2_common/pico_atomic/atomic.c.obj
LOAD CMakeFiles/WirelessKeyboard.dir/C_/Users/Monard/.pico-sdk/sdk/2.3.0/src/rp2_common/pico_cxx_options/new_delete.cpp.obj
LOAD CMakeFiles/WirelessKeyboard.dir/C_/Users/Monard/.pico-sdk/sdk/2.3.0/src/rp2_common/pico_standard_binary_info/standard_binary_info.c.obj
LOAD CMakeFiles/WirelessKeyboard.dir/C_/Users/Monard/.pico-sdk/sdk/2.3.0/src/rp2_common/pico_printf/printf.c.obj
LOAD CMakeFiles/WirelessKeyboard.dir/C_/Users/Monard/.pico-sdk/sdk/2.3.0/src/rp2_common/pico_crt0/crt0.S.obj
LOAD CMakeFiles/WirelessKeyboard.dir/C_/Users/Monard/.pico-sdk/sdk/2.3.0/src/rp2_common/pico_clib_interface/newlib_interface.c.obj
LOAD CMakeFiles/WirelessKeyboard.dir/C_/Users/Monard/.pico-sdk/sdk/2.3.0/src/rp2_common/pico_clib_interface/cxa_guard.c.obj
LOAD CMakeFiles/WirelessKeyboard.dir/C_/Users/Monard/.pico-sdk/sdk/2.3.0/src/rp2_common/pico_stdio/stdio.c.obj
LOAD CMakeFiles/WirelessKeyboard.dir/C_/Users/Monard/.pico-sdk/sdk/2.3.0/src/rp2_common/pico_thread_local/thread_local.c.obj
LOAD CMakeFiles/WirelessKeyboard.dir/C_/Users/Monard/.pico-sdk/sdk/2.3.0/src/rp2_common/pico_multicore/multicore.c.obj
LOAD CMakeFiles/WirelessKeyboard.dir/C_/Users/Monard/.pico-sdk/sdk/2.3.0/lib/tinyusb/src/portable/raspberrypi/rp2040/hcd_rp2040.c.obj
LOAD CMakeFiles/WirelessKeyboard.dir/C_/Users/Monard/.pico-sdk/sdk/2.3.0/lib/tinyusb/src/portable/raspberrypi/rp2040/rp2040_usb.c.obj
LOAD CMakeFiles/WirelessKeyboard.dir/C_/Users/Monard/.pico-sdk/sdk/2.3.0/lib/tinyusb/src/host/usbh.c.obj
LOAD CMakeFiles/WirelessKeyboard.dir/C_/Users/Monard/.pico-sdk/sdk/2.3.0/lib/tinyusb/src/host/hub.c.obj
LOAD CMakeFiles/WirelessKeyboard.dir/C_/Users/Monard/.pico-sdk/sdk/2.3.0/lib/tinyusb/src/class/cdc/cdc_host.c.obj
LOAD CMakeFiles/WirelessKeyboard.dir/C_/Users/Monard/.pico-sdk/sdk/2.3.0/lib/tinyusb/src/class/hid/hid_host.c.obj
LOAD CMakeFiles/WirelessKeyboard.dir/C_/Users/Monard/.pico-sdk/sdk/2.3.0/lib/tinyusb/src/class/msc/msc_host.c.obj
LOAD CMakeFiles/WirelessKeyboard.dir/C_/Users/Monard/.pico-sdk/sdk/2.3.0/lib/tinyusb/src/class/vendor/vendor_host.c.obj
LOAD CMakeFiles/WirelessKeyboard.dir/C_/Users/Monard/.pico-sdk/sdk/2.3.0/lib/tinyusb/src/tusb.c.obj
LOAD CMakeFiles/WirelessKeyboard.dir/C_/Users/Monard/.pico-sdk/sdk/2.3.0/lib/tinyusb/src/common/tusb_fifo.c.obj
LOAD CMakeFiles/WirelessKeyboard.dir/C_/Users/Monard/.pico-sdk/sdk/2.3.0/lib/tinyusb/hw/bsp/rp2040/family.c.obj
LOAD CMakeFiles/WirelessKeyboard.dir/C_/Users/Monard/.pico-sdk/sdk/2.3.0/src/rp2_common/pico_unique_id/unique_id.c.obj
LOAD CMakeFiles/WirelessKeyboard.dir/C_/Users/Monard/.pico-sdk/sdk/2.3.0/src/rp2_common/hardware_flash/flash.c.obj
LOAD CMakeFiles/WirelessKeyboard.dir/C_/Users/Monard/.pico-sdk/sdk/2.3.0/src/rp2_common/hardware_xip_cache/xip_cache.c.obj
LOAD CMakeFiles/WirelessKeyboard.dir/Pico-PIO-USB/src/pio_usb.c.obj
LOAD CMakeFiles/WirelessKeyboard.dir/Pico-PIO-USB/src/pio_usb_device.c.obj
LOAD CMakeFiles/WirelessKeyboard.dir/Pico-PIO-USB/src/pio_usb_host.c.obj
LOAD CMakeFiles/WirelessKeyboard.dir/Pico-PIO-USB/src/usb_crc.c.obj
LOAD CMakeFiles/WirelessKeyboard.dir/C_/Users/Monard/.pico-sdk/sdk/2.3.0/src/rp2_common/hardware_pio/pio.c.obj
LOAD CMakeFiles/WirelessKeyboard.dir/C_/Users/Monard/.pico-sdk/sdk/2.3.0/src/rp2_common/hardware_dma/dma.c.obj
LOAD CMakeFiles/WirelessKeyboard.dir/C_/Users/Monard/.pico-sdk/sdk/2.3.0/src/rp2_common/hardware_spi/spi.c.obj
LOAD CMakeFiles/WirelessKeyboard.dir/C_/Users/Monard/.pico-sdk/sdk/2.3.0/src/rp2_common/hardware_adc/adc.c.obj
LOAD pico-sdk/src/rp2040/boot_stage2/CMakeFiles/bs2_default_library.dir/./bs2_default_padded_checksummed.S.obj
LOAD C:/Users/Monard/.pico-sdk/toolchain/15_2_Rel1/bin/../lib/gcc/arm-none-eabi/15.2.1/../../../../arm-none-eabi/lib/thumb/v6-m/nofp\libstdc++.a
LOAD C:/Users/Monard/.pico-sdk/toolchain/15_2_Rel1/bin/../lib/gcc/arm-none-eabi/15.2.1/../../../../arm-none-eabi/lib/thumb/v6-m/nofp\libm.a
START GROUP
LOAD C:/Users/Monard/.pico-sdk/toolchain/15_2_Rel1/bin/../lib/gcc/arm-none-eabi/15.2.1/thumb/v6-m/nofp\libgcc.a
LOAD C:/Users/Monard/.pico-sdk/toolchain/15_2_Rel1/bin/../lib/gcc/arm-none-eabi/15.2.1/../../../../arm-none-eabi/lib/thumb/v6-m/nofp\libg.a
LOAD C:/Users/Monard/.pico-sdk/toolchain/15_2_Rel1/bin/../lib/gcc/arm-none-eabi/15.2.1/../../../../arm-none-eabi/lib/thumb/v6-m/nofp\libc.a
END GROUP
                0x20000000                        PROVIDE (RAM_ORIGIN = RAM_ORIGIN_DEFAULT)
                0x00040000                        PROVIDE (RAM_LENGTH = RAM_LENGTH_DEFAULT)
                0x20040000                        PROVIDE (SCRATCH_X_ORIGIN = SCRATCH_X_ORIGIN_DEFAULT)
                0x00001000                        PROVIDE (SCRATCH_X_LENGTH = SCRATCH_X_LENGTH_DEFAULT)
                0x20041000                        PROVIDE (SCRATCH_Y_ORIGIN = SCRATCH_Y_ORIGIN_DEFAULT)
                0x00001000                        PROVIDE (SCRATCH_Y_LENGTH = SCRATCH_Y_LENGTH_DEFAULT)
                0x15000000                        PROVIDE (XIP_RAM_ORIGIN = XIP_RAM_ORIGIN_DEFAULT)
                0x00004000                        PROVIDE (XIP_RAM_LENGTH = XIP_RAM_LENGTH_DEFAULT)
                0x20000000                        RAM_ORIGIN = DEFINED (RAM_ORIGIN)?RAM_ORIGIN:RAM_ORIGIN_DEFAULT
                0x00040000                        RAM_LENGTH = DEFINED (RAM_LENGTH)?RAM_LENGTH:RAM_LENGTH_DEFAULT
                0x20040000                        SCRATCH_X_ORIGIN = DEFINED (SCRATCH_X_ORIGIN)?SCRATCH_X_ORIGIN:SCRATCH_X_ORIGIN_DEFAULT
                0x00001000                        SCRATCH_X_LENGTH = DEFINED (SCRATCH_X_LENGTH)?SCRATCH_X_LENGTH:SCRATCH_X_LENGTH_DEFAULT
                0x20041000                        SCRATCH_Y_ORIGIN = DEFINED (SCRATCH_Y_ORIGIN)?SCRATCH_Y_ORIGIN:SCRATCH_Y_ORIGIN_DEFAULT
                0x00001000                        SCRATCH_Y_LENGTH = DEFINED (SCRATCH_Y_LENGTH)?SCRATCH_Y_LENGTH:SCRATCH_Y_LENGTH_DEFAULT
                0x15000000                        XIP_RAM_ORIGIN = DEFINED (XIP_RAM_ORIGIN)?XIP_RAM_ORIGIN:XIP_RAM_ORIGIN_DEFAULT
                0x00004000                        XIP_RAM_LENGTH = DEFINED (XIP_RAM_LENGTH)?XIP_RAM_LENGTH:XIP_RAM_LENGTH_DEFAULT

.flash_begin    0x10000000        0x0
                0x10000000                        __flash_binary_start = .

.boot2          0x10000000      0x100
                0x10000000                        __boot2_start__ = .
 *(.boot2)
 .boot2         0x10000000      0x100 pico-sdk/src/rp2040/boot_stage2/CMakeFiles/bs2_default_library.dir/./bs2_default_padded_checksummed.S.obj
                0x10000100                        __boot2_end__ = .
                0x00000001                        ASSERT (((__boot2_end__ - __boot2_start__) == 0x100), ERROR: Pico second stage bootloader must be exactly 256 bytes in size for RP2040)

.text           0x10000100     0xd8ec
                0x10000100                        __logical_binary_start = .
 *(.vectors)
 .vectors       0x10000100       0xd4 CMakeFiles/WirelessKeyboard.dir/C_/Users/Monard/.pico-sdk/sdk/2.3.0/src/rp2_common/pico_crt0/crt0.S.obj
                0x10000100                __VECTOR_TABLE
                0x10000100                __vectors
                0x100001c0                isr_irq13
                0x100001c0                isr_irq27
                0x100001c0                isr_irq31
                0x100001c0                isr_irq12
                0x100001c0                isr_irq5
                0x100001c0                isr_irq11
                0x100001c0                isr_irq3
                0x100001c0                isr_irq23
                0x100001c0                __unhandled_user_irq
                0x100001c0                isr_irq26
                0x100001c0                isr_irq28
                0x100001c0                isr_irq19
                0x100001c0                isr_irq0
                0x100001c0                isr_irq6
                0x100001c0                isr_irq29
                0x100001c0                isr_irq16
                0x100001c0                isr_irq22
                0x100001c0                isr_irq18
                0x100001c0                isr_irq17
                0x100001c0                isr_irq14
                0x100001c0                __vectors_end
                0x100001c0                __default_isrs_start
                0x100001c0                isr_irq2
                0x100001c0                isr_irq10
                0x100001c0                isr_irq8
                0x100001c0                isr_irq24
                0x100001c0                isr_irq1
                0x100001c0                isr_irq7
                0x100001c0                isr_irq21
                0x100001c0                isr_irq20
                0x100001c0                isr_irq15
                0x100001c0                isr_irq25
                0x100001c0                isr_irq4
                0x100001c0                isr_irq30
                0x100001c0                isr_irq9
                0x100001c6                unhandled_user_irq_num_in_r0
                0x100001c8                isr_invalid
                0x100001ca                isr_nmi
                0x100001cc                isr_hardfault
                0x100001ce                isr_svcall
                0x100001d0                isr_pendsv
                0x100001d2                isr_systick
                0x100001d4                __default_isrs_end
 *(.binary_info_header)
 .binary_info_header
                0x100001d4       0x14 CMakeFiles/WirelessKeyboard.dir/C_/Users/Monard/.pico-sdk/sdk/2.3.0/src/rp2_common/pico_crt0/crt0.S.obj
                0x100001e8                        __binary_info_header_end = .
 *(.embedded_block)
                0x100001e8                        __embedded_block_end = .
 *(.reset)
 .reset         0x100001e8       0x98 CMakeFiles/WirelessKeyboard.dir/C_/Users/Monard/.pico-sdk/sdk/2.3.0/src/rp2_common/pico_crt0/crt0.S.obj
                0x100001e8                _entry_point
 *(.init)
 *libgcc.a:cmse_nonsecure_call.o()
 *(EXCLUDE_FILE(*libm.a: *lib*_a-mem*.o *libc.a: *libgcc.a:) .text*)
 .text.parse_consumer_fields
                0x10000280      0x388 CMakeFiles/WirelessKeyboard.dir/WirelessKeyboard.c.obj
 .text.led_apply
                0x10000608       0xc4 CMakeFiles/WirelessKeyboard.dir/WirelessKeyboard.c.obj
 .text.battery_update_led
                0x100006cc      0x18c CMakeFiles/WirelessKeyboard.dir/WirelessKeyboard.c.obj
 .text.parse_keyboard_led_output
                0x10000858      0x3a4 CMakeFiles/WirelessKeyboard.dir/WirelessKeyboard.c.obj
 .text.battery_read_mv
                0x10000bfc       0x98 CMakeFiles/WirelessKeyboard.dir/WirelessKeyboard.c.obj
 .text.spi_queue_input
                0x10000c94       0xa4 CMakeFiles/WirelessKeyboard.dir/WirelessKeyboard.c.obj
 .text.keyboard_halt_recovery_complete
                0x10000d38       0xb0 CMakeFiles/WirelessKeyboard.dir/WirelessKeyboard.c.obj
 .text.dfu_send_status
                0x10000de8       0xb4 CMakeFiles/WirelessKeyboard.dir/WirelessKeyboard.c.obj
 .text.dfu_process_command
                0x10000e9c      0xc24 CMakeFiles/WirelessKeyboard.dir/WirelessKeyboard.c.obj
 .text.spi_write_frame
                0x10001ac0       0xdc CMakeFiles/WirelessKeyboard.dir/WirelessKeyboard.c.obj
 .text.spi_send_control_command.constprop.0
                0x10001b9c       0x78 CMakeFiles/WirelessKeyboard.dir/WirelessKeyboard.c.obj
 .text.worker_core1_main
                0x10001c14     0x2ac0 CMakeFiles/WirelessKeyboard.dir/WirelessKeyboard.c.obj
 .text.tuh_mount_cb
                0x100046d4       0x74 CMakeFiles/WirelessKeyboard.dir/WirelessKeyboard.c.obj
                0x100046d4                tuh_mount_cb
 .text.tuh_umount_cb
                0x10004748       0x7c CMakeFiles/WirelessKeyboard.dir/WirelessKeyboard.c.obj
                0x10004748                tuh_umount_cb
 .text.tuh_hid_mount_cb
                0x100047c4      0x2a8 CMakeFiles/WirelessKeyboard.dir/WirelessKeyboard.c.obj
                0x100047c4                tuh_hid_mount_cb
 .text.tuh_hid_umount_cb
                0x10004a6c       0xf8 CMakeFiles/WirelessKeyboard.dir/WirelessKeyboard.c.obj
                0x10004a6c                tuh_hid_umount_cb
 .text.tuh_hid_set_report_complete_cb
                0x10004b64       0x88 CMakeFiles/WirelessKeyboard.dir/WirelessKeyboard.c.obj
                0x10004b64                tuh_hid_set_report_complete_cb
 .text.tuh_hid_report_received_cb
                0x10004bec      0x9a0 CMakeFiles/WirelessKeyboard.dir/WirelessKeyboard.c.obj
                0x10004bec                tuh_hid_report_received_cb
 .text.startup.main
                0x1000558c      0x758 CMakeFiles/WirelessKeyboard.dir/WirelessKeyboard.c.obj
                0x1000558c                main
 .text.hcd_configure
                0x10005ce4       0x1c CMakeFiles/WirelessKeyboard.dir/C_/Users/Monard/.pico-sdk/sdk/2.3.0/lib/tinyusb/src/portable/raspberrypi/pio_usb/hcd_pio_usb.c.obj
                0x10005ce4                hcd_configure
 .text.hcd_init
                0x10005d00       0x10 CMakeFiles/WirelessKeyboard.dir/C_/Users/Monard/.pico-sdk/sdk/2.3.0/lib/tinyusb/src/portable/raspberrypi/pio_usb/hcd_pio_usb.c.obj
                0x10005d00                hcd_init
 .text.hcd_port_reset
                0x10005d10        0xc CMakeFiles/WirelessKeyboard.dir/C_/Users/Monard/.pico-sdk/sdk/2.3.0/lib/tinyusb/src/portable/raspberrypi/pio_usb/hcd_pio_usb.c.obj
                0x10005d10                hcd_port_reset
 .text.hcd_port_reset_end
                0x10005d1c        0xc CMakeFiles/WirelessKeyboard.dir/C_/Users/Monard/.pico-sdk/sdk/2.3.0/lib/tinyusb/src/portable/raspberrypi/pio_usb/hcd_pio_usb.c.obj
                0x10005d1c                hcd_port_reset_end
 .text.hcd_port_connect_status
                0x10005d28       0x48 CMakeFiles/WirelessKeyboard.dir/C_/Users/Monard/.pico-sdk/sdk/2.3.0/lib/tinyusb/src/portable/raspberrypi/pio_usb/hcd_pio_usb.c.obj
                0x10005d28                hcd_port_connect_status
 .text.hcd_port_speed_get
                0x10005d70       0x1c CMakeFiles/WirelessKeyboard.dir/C_/Users/Monard/.pico-sdk/sdk/2.3.0/lib/tinyusb/src/portable/raspberrypi/pio_usb/hcd_pio_usb.c.obj
                0x10005d70                hcd_port_speed_get
 .text.hcd_device_close
                0x10005d8c        0xc CMakeFiles/WirelessKeyboard.dir/C_/Users/Monard/.pico-sdk/sdk/2.3.0/lib/tinyusb/src/portable/raspberrypi/pio_usb/hcd_pio_usb.c.obj
                0x10005d8c                hcd_device_close
 .text.hcd_int_enable
                0x10005d98        0x4 CMakeFiles/WirelessKeyboard.dir/C_/Users/Monard/.pico-sdk/sdk/2.3.0/lib/tinyusb/src/portable/raspberrypi/pio_usb/hcd_pio_usb.c.obj
                0x10005d98                hcd_int_enable
 .text.hcd_edpt_open
                0x10005d9c       0x38 CMakeFiles/WirelessKeyboard.dir/C_/Users/Monard/.pico-sdk/sdk/2.3.0/lib/tinyusb/src/portable/raspberrypi/pio_usb/hcd_pio_usb.c.obj
                0x10005d9c                hcd_edpt_open
 .text.hcd_edpt_xfer
                0x10005dd4       0x18 CMakeFiles/WirelessKeyboard.dir/C_/Users/Monard/.pico-sdk/sdk/2.3.0/lib/tinyusb/src/portable/raspberrypi/pio_usb/hcd_pio_usb.c.obj
                0x10005dd4                hcd_edpt_xfer
 .text.hcd_edpt_abort_xfer
                0x10005dec        0xc CMakeFiles/WirelessKeyboard.dir/C_/Users/Monard/.pico-sdk/sdk/2.3.0/lib/tinyusb/src/portable/raspberrypi/pio_usb/hcd_pio_usb.c.obj
                0x10005dec                hcd_edpt_abort_xfer
 .text.hcd_setup_send
                0x10005df8        0xc CMakeFiles/WirelessKeyboard.dir/C_/Users/Monard/.pico-sdk/sdk/2.3.0/lib/tinyusb/src/portable/raspberrypi/pio_usb/hcd_pio_usb.c.obj
                0x10005df8                hcd_setup_send
 .text.gpio_set_function
                0x10005e04       0x30 CMakeFiles/WirelessKeyboard.dir/C_/Users/Monard/.pico-sdk/sdk/2.3.0/src/rp2_common/hardware_gpio/gpio.c.obj
                0x10005e04                gpio_set_function
 .text.gpio_set_pulls
                0x10005e34       0x24 CMakeFiles/WirelessKeyboard.dir/C_/Users/Monard/.pico-sdk/sdk/2.3.0/src/rp2_common/hardware_gpio/gpio.c.obj
                0x10005e34                gpio_set_pulls
 .text.gpio_set_inover
                0x10005e58       0x24 CMakeFiles/WirelessKeyboard.dir/C_/Users/Monard/.pico-sdk/sdk/2.3.0/src/rp2_common/hardware_gpio/gpio.c.obj
                0x10005e58                gpio_set_inover
 .text.gpio_set_outover
                0x10005e7c       0x24 CMakeFiles/WirelessKeyboard.dir/C_/Users/Monard/.pico-sdk/sdk/2.3.0/src/rp2_common/hardware_gpio/gpio.c.obj
                0x10005e7c                gpio_set_outover
 .text.gpio_set_oeover
                0x10005ea0       0x24 CMakeFiles/WirelessKeyboard.dir/C_/Users/Monard/.pico-sdk/sdk/2.3.0/src/rp2_common/hardware_gpio/gpio.c.obj
                0x10005ea0                gpio_set_oeover
 .text.gpio_set_slew_rate
                0x10005ec4       0x20 CMakeFiles/WirelessKeyboard.dir/C_/Users/Monard/.pico-sdk/sdk/2.3.0/src/rp2_common/hardware_gpio/gpio.c.obj
                0x10005ec4                gpio_set_slew_rate
 .text.gpio_set_drive_strength
                0x10005ee4       0x20 CMakeFiles/WirelessKeyboard.dir/C_/Users/Monard/.pico-sdk/sdk/2.3.0/src/rp2_common/hardware_gpio/gpio.c.obj
                0x10005ee4                gpio_set_drive_strength
 .text.gpio_set_input_enabled
                0x10005f04       0x24 CMakeFiles/WirelessKeyboard.dir/C_/Users/Monard/.pico-sdk/sdk/2.3.0/src/rp2_common/hardware_gpio/gpio.c.obj
                0x10005f04                gpio_set_input_enabled
 .text.gpio_init
                0x10005f28       0x3c CMakeFiles/WirelessKeyboard.dir/C_/Users/Monard/.pico-sdk/sdk/2.3.0/src/rp2_common/hardware_gpio/gpio.c.obj
                0x10005f28                gpio_init
 .text.panic    0x10005f64       0x30 CMakeFiles/WirelessKeyboard.dir/C_/Users/Monard/.pico-sdk/sdk/2.3.0/src/rp2_common/pico_platform_panic/panic.c.obj
                0x10005f64                panic
 .text.hw_claim_lock
                0x10005f94       0x18 CMakeFiles/WirelessKeyboard.dir/C_/Users/Monard/.pico-sdk/sdk/2.3.0/src/common/hardware_claim/claim.c.obj
                0x10005f94                hw_claim_lock
 .text.hw_claim_unlock
                0x10005fac       0x14 CMakeFiles/WirelessKeyboard.dir/C_/Users/Monard/.pico-sdk/sdk/2.3.0/src/common/hardware_claim/claim.c.obj
                0x10005fac                hw_claim_unlock
 .text.hw_claim_or_assert
                0x10005fc0       0x50 CMakeFiles/WirelessKeyboard.dir/C_/Users/Monard/.pico-sdk/sdk/2.3.0/src/common/hardware_claim/claim.c.obj
                0x10005fc0                hw_claim_or_assert
 .text.hw_claim_unused_from_range
                0x10006010       0x88 CMakeFiles/WirelessKeyboard.dir/C_/Users/Monard/.pico-sdk/sdk/2.3.0/src/common/hardware_claim/claim.c.obj
                0x10006010                hw_claim_unused_from_range
 .text.next_striped_spin_lock_num
                0x10006098       0x18 CMakeFiles/WirelessKeyboard.dir/C_/Users/Monard/.pico-sdk/sdk/2.3.0/src/rp2_common/hardware_sync/sync.c.obj
                0x10006098                next_striped_spin_lock_num
 .text.spin_lock_claim_unused
                0x100060b0       0x20 CMakeFiles/WirelessKeyboard.dir/C_/Users/Monard/.pico-sdk/sdk/2.3.0/src/rp2_common/hardware_sync/sync.c.obj
                0x100060b0                spin_lock_claim_unused
 .text.spin_locks_reset
                0x100060d0       0x1c CMakeFiles/WirelessKeyboard.dir/C_/Users/Monard/.pico-sdk/sdk/2.3.0/src/rp2_common/hardware_sync_spin_lock/sync_spin_lock.c.obj
                0x100060d0                spin_locks_reset
 .text.runtime_init_per_core_irq_priorities
                0x100060ec       0x48 CMakeFiles/WirelessKeyboard.dir/C_/Users/Monard/.pico-sdk/sdk/2.3.0/src/rp2_common/hardware_irq/irq.c.obj
                0x100060ec                runtime_init_per_core_irq_priorities
 .text.irq_set_enabled
                0x10006134       0x24 CMakeFiles/WirelessKeyboard.dir/C_/Users/Monard/.pico-sdk/sdk/2.3.0/src/rp2_common/hardware_irq/irq.c.obj
                0x10006134                irq_set_enabled
 .text.irq_is_enabled
                0x10006158       0x18 CMakeFiles/WirelessKeyboard.dir/C_/Users/Monard/.pico-sdk/sdk/2.3.0/src/rp2_common/hardware_irq/irq.c.obj
                0x10006158                irq_is_enabled
 .text.irq_set_exclusive_handler
                0x10006170       0x54 CMakeFiles/WirelessKeyboard.dir/C_/Users/Monard/.pico-sdk/sdk/2.3.0/src/rp2_common/hardware_irq/irq.c.obj
                0x10006170                irq_set_exclusive_handler
 .text.lock_init
                0x100061c4       0x10 CMakeFiles/WirelessKeyboard.dir/C_/Users/Monard/.pico-sdk/sdk/2.3.0/src/common/pico_sync/lock_core.c.obj
                0x100061c4                lock_init
 .text.runtime_init_mutex
                0x100061d4       0x50 CMakeFiles/WirelessKeyboard.dir/C_/Users/Monard/.pico-sdk/sdk/2.3.0/src/common/pico_sync/mutex.c.obj
                0x100061d4                runtime_init_mutex
 .text.mutex_init
                0x10006224       0x1c CMakeFiles/WirelessKeyboard.dir/C_/Users/Monard/.pico-sdk/sdk/2.3.0/src/common/pico_sync/mutex.c.obj
                0x10006224                mutex_init
 .text.critical_section_init
                0x10006240       0x1c CMakeFiles/WirelessKeyboard.dir/C_/Users/Monard/.pico-sdk/sdk/2.3.0/src/common/pico_sync/critical_section.c.obj
                0x10006240                critical_section_init
 .text.sleep_until_callback
                0x1000625c       0x30 CMakeFiles/WirelessKeyboard.dir/C_/Users/Monard/.pico-sdk/sdk/2.3.0/src/common/pico_time/time.c.obj
 .text.alarm_pool_irq_handler
                0x1000628c      0x2f4 CMakeFiles/WirelessKeyboard.dir/C_/Users/Monard/.pico-sdk/sdk/2.3.0/src/common/pico_time/time.c.obj
 .text.runtime_init_default_alarm_pool
                0x10006580       0xd8 CMakeFiles/WirelessKeyboard.dir/C_/Users/Monard/.pico-sdk/sdk/2.3.0/src/common/pico_time/time.c.obj
                0x10006580                runtime_init_default_alarm_pool
 .text.alarm_pool_create_on_timer
                0x10006658       0xac CMakeFiles/WirelessKeyboard.dir/C_/Users/Monard/.pico-sdk/sdk/2.3.0/src/common/pico_time/time.c.obj
                0x10006658                alarm_pool_create_on_timer
 .text.alarm_pool_add_alarm_at_force_in_context
                0x10006704       0xbc CMakeFiles/WirelessKeyboard.dir/C_/Users/Monard/.pico-sdk/sdk/2.3.0/src/common/pico_time/time.c.obj
                0x10006704                alarm_pool_add_alarm_at_force_in_context
 .text.alarm_pool_cancel_alarm
                0x100067c0       0x74 CMakeFiles/WirelessKeyboard.dir/C_/Users/Monard/.pico-sdk/sdk/2.3.0/src/common/pico_time/time.c.obj
                0x100067c0                alarm_pool_cancel_alarm
 .text.sleep_until
                0x10006834       0xc8 CMakeFiles/WirelessKeyboard.dir/C_/Users/Monard/.pico-sdk/sdk/2.3.0/src/common/pico_time/time.c.obj
                0x10006834                sleep_until
 .text.sleep_us
                0x100068fc       0xec CMakeFiles/WirelessKeyboard.dir/C_/Users/Monard/.pico-sdk/sdk/2.3.0/src/common/pico_time/time.c.obj
                0x100068fc                sleep_us
 .text.sleep_ms
                0x100069e8       0xfc CMakeFiles/WirelessKeyboard.dir/C_/Users/Monard/.pico-sdk/sdk/2.3.0/src/common/pico_time/time.c.obj
                0x100069e8                sleep_ms
 .text.best_effort_wfe_or_timeout
                0x10006ae4      0x12c CMakeFiles/WirelessKeyboard.dir/C_/Users/Monard/.pico-sdk/sdk/2.3.0/src/common/pico_time/time.c.obj
                0x10006ae4                best_effort_wfe_or_timeout
 .text.alarm_pool_add_repeating_timer_us
                0x10006c10      0x124 CMakeFiles/WirelessKeyboard.dir/C_/Users/Monard/.pico-sdk/sdk/2.3.0/src/common/pico_time/time.c.obj
                0x10006c10                alarm_pool_add_repeating_timer_us
 .text.alarm_pool_get_default_timer
                0x10006d34        0x8 CMakeFiles/WirelessKeyboard.dir/C_/Users/Monard/.pico-sdk/sdk/2.3.0/src/common/pico_time/time.c.obj
                0x10006d34                alarm_pool_get_default_timer
 .text.timer_hardware_alarm_claim
                0x10006d3c       0x14 CMakeFiles/WirelessKeyboard.dir/C_/Users/Monard/.pico-sdk/sdk/2.3.0/src/rp2_common/hardware_timer/timer.c.obj
                0x10006d3c                timer_hardware_alarm_claim
 .text.timer_time_us_64
                0x10006d50       0x10 CMakeFiles/WirelessKeyboard.dir/C_/Users/Monard/.pico-sdk/sdk/2.3.0/src/rp2_common/hardware_timer/timer.c.obj
                0x10006d50                timer_time_us_64
 .text.time_us_64
                0x10006d60       0x14 CMakeFiles/WirelessKeyboard.dir/C_/Users/Monard/.pico-sdk/sdk/2.3.0/src/rp2_common/hardware_timer/timer.c.obj
                0x10006d60                time_us_64
 .text.busy_wait_us
                0x10006d74       0x6c CMakeFiles/WirelessKeyboard.dir/C_/Users/Monard/.pico-sdk/sdk/2.3.0/src/rp2_common/hardware_timer/timer.c.obj
                0x10006d74                busy_wait_us
 .text.busy_wait_until
                0x10006de0       0x20 CMakeFiles/WirelessKeyboard.dir/C_/Users/Monard/.pico-sdk/sdk/2.3.0/src/rp2_common/hardware_timer/timer.c.obj
                0x10006de0                busy_wait_until
 .text.clock_configure_int_divider
                0x10006e00       0xec CMakeFiles/WirelessKeyboard.dir/C_/Users/Monard/.pico-sdk/sdk/2.3.0/src/rp2_common/hardware_clocks/clocks.c.obj
                0x10006e00                clock_configure_int_divider
 .text.clock_configure_undivided
                0x10006eec       0xe0 CMakeFiles/WirelessKeyboard.dir/C_/Users/Monard/.pico-sdk/sdk/2.3.0/src/rp2_common/hardware_clocks/clocks.c.obj
                0x10006eec                clock_configure_undivided
 .text.clock_get_hz
                0x10006fcc        0xc CMakeFiles/WirelessKeyboard.dir/C_/Users/Monard/.pico-sdk/sdk/2.3.0/src/rp2_common/hardware_clocks/clocks.c.obj
                0x10006fcc                clock_get_hz
 .text.set_sys_clock_pll
                0x10006fd8      0x1b4 CMakeFiles/WirelessKeyboard.dir/C_/Users/Monard/.pico-sdk/sdk/2.3.0/src/rp2_common/hardware_clocks/clocks.c.obj
                0x10006fd8                set_sys_clock_pll
 .text.check_sys_clock_khz
                0x1000718c      0x288 CMakeFiles/WirelessKeyboard.dir/C_/Users/Monard/.pico-sdk/sdk/2.3.0/src/rp2_common/hardware_clocks/clocks.c.obj
                0x1000718c                check_sys_clock_khz
 .text.pll_init
                0x10007414       0xb0 CMakeFiles/WirelessKeyboard.dir/C_/Users/Monard/.pico-sdk/sdk/2.3.0/src/rp2_common/hardware_pll/pll.c.obj
                0x10007414                pll_init
 .text.watchdog_update
                0x100074c4       0x14 CMakeFiles/WirelessKeyboard.dir/C_/Users/Monard/.pico-sdk/sdk/2.3.0/src/rp2_common/hardware_watchdog/watchdog.c.obj
                0x100074c4                watchdog_update
 .text.watchdog_enable
                0x100074d8       0x88 CMakeFiles/WirelessKeyboard.dir/C_/Users/Monard/.pico-sdk/sdk/2.3.0/src/rp2_common/hardware_watchdog/watchdog.c.obj
                0x100074d8                watchdog_enable
 .text.watchdog_disable
                0x10007560       0x10 CMakeFiles/WirelessKeyboard.dir/C_/Users/Monard/.pico-sdk/sdk/2.3.0/src/rp2_common/hardware_watchdog/watchdog.c.obj
                0x10007560                watchdog_disable
 .text.watchdog_reboot
                0x10007570       0x9c CMakeFiles/WirelessKeyboard.dir/C_/Users/Monard/.pico-sdk/sdk/2.3.0/src/rp2_common/hardware_watchdog/watchdog.c.obj
                0x10007570                watchdog_reboot
 .text.tick_start
                0x1000760c       0x10 CMakeFiles/WirelessKeyboard.dir/C_/Users/Monard/.pico-sdk/sdk/2.3.0/src/rp2_common/hardware_ticks/ticks.c.obj
                0x1000760c                tick_start
 .text.rom_func_lookup
                0x1000761c       0x10 CMakeFiles/WirelessKeyboard.dir/C_/Users/Monard/.pico-sdk/sdk/2.3.0/src/rp2_common/pico_bootrom/bootrom.c.obj
                0x1000761c                rom_func_lookup
 .text.rom_data_lookup
                0x1000762c       0x10 CMakeFiles/WirelessKeyboard.dir/C_/Users/Monard/.pico-sdk/sdk/2.3.0/src/rp2_common/pico_bootrom/bootrom.c.obj
                0x1000762c                rom_data_lookup
 .text.rom_funcs_lookup
                0x1000763c       0x44 CMakeFiles/WirelessKeyboard.dir/C_/Users/Monard/.pico-sdk/sdk/2.3.0/src/rp2_common/pico_bootrom/bootrom.c.obj
                0x1000763c                rom_funcs_lookup
 .text.xosc_init
                0x10007680       0x28 CMakeFiles/WirelessKeyboard.dir/C_/Users/Monard/.pico-sdk/sdk/2.3.0/src/rp2_common/hardware_xosc/xosc.c.obj
                0x10007680                xosc_init
 .text.first_per_core_initializer
                0x100076a8        0x4 CMakeFiles/WirelessKeyboard.dir/C_/Users/Monard/.pico-sdk/sdk/2.3.0/src/rp2_common/pico_runtime/runtime.c.obj
 .text.hard_assertion_failure
                0x100076ac        0xc CMakeFiles/WirelessKeyboard.dir/C_/Users/Monard/.pico-sdk/sdk/2.3.0/src/rp2_common/pico_runtime/runtime.c.obj
                0x100076ac                hard_assertion_failure
 .text.runtime_run_initializers
                0x100076b8       0x28 CMakeFiles/WirelessKeyboard.dir/C_/Users/Monard/.pico-sdk/sdk/2.3.0/src/rp2_common/pico_runtime/runtime.c.obj
                0x100076b8                runtime_run_initializers
 .text.runtime_run_per_core_initializers
                0x100076e0       0x28 CMakeFiles/WirelessKeyboard.dir/C_/Users/Monard/.pico-sdk/sdk/2.3.0/src/rp2_common/pico_runtime/runtime.c.obj
                0x100076e0                runtime_run_per_core_initializers
 .text.runtime_init_early_resets
                0x10007708       0x2c CMakeFiles/WirelessKeyboard.dir/C_/Users/Monard/.pico-sdk/sdk/2.3.0/src/rp2_common/pico_runtime_init/runtime_init.c.obj
                0x10007708                runtime_init_early_resets
 .text.runtime_init_usb_power_down
                0x10007734       0x1c CMakeFiles/WirelessKeyboard.dir/C_/Users/Monard/.pico-sdk/sdk/2.3.0/src/rp2_common/pico_runtime_init/runtime_init.c.obj
                0x10007734                runtime_init_usb_power_down
 .text.runtime_init_post_clock_resets
                0x10007750       0x20 CMakeFiles/WirelessKeyboard.dir/C_/Users/Monard/.pico-sdk/sdk/2.3.0/src/rp2_common/pico_runtime_init/runtime_init.c.obj
                0x10007750                runtime_init_post_clock_resets
 .text.runtime_init_rp2040_gpio_ie_disable
                0x10007770       0x14 CMakeFiles/WirelessKeyboard.dir/C_/Users/Monard/.pico-sdk/sdk/2.3.0/src/rp2_common/pico_runtime_init/runtime_init.c.obj
                0x10007770                runtime_init_rp2040_gpio_ie_disable
 .text.runtime_init_spin_locks_reset
                0x10007784        0x8 CMakeFiles/WirelessKeyboard.dir/C_/Users/Monard/.pico-sdk/sdk/2.3.0/src/rp2_common/pico_runtime_init/runtime_init.c.obj
                0x10007784                runtime_init_spin_locks_reset
 .text.runtime_init_install_ram_vector_table
                0x1000778c       0xb4 CMakeFiles/WirelessKeyboard.dir/C_/Users/Monard/.pico-sdk/sdk/2.3.0/src/rp2_common/pico_runtime_init/runtime_init.c.obj
                0x1000778c                runtime_init_install_ram_vector_table
 .text.runtime_init_clocks
                0x10007840       0xd8 CMakeFiles/WirelessKeyboard.dir/C_/Users/Monard/.pico-sdk/sdk/2.3.0/src/rp2_common/pico_runtime_init/runtime_init_clocks.c.obj
                0x10007840                runtime_init_clocks
 .text          0x10007918       0x10 CMakeFiles/WirelessKeyboard.dir/C_/Users/Monard/.pico-sdk/sdk/2.3.0/src/rp2_common/pico_bit_ops/bit_ops_aeabi.S.obj
 .text.ctzsi    0x10007928        0xc CMakeFiles/WirelessKeyboard.dir/C_/Users/Monard/.pico-sdk/sdk/2.3.0/src/rp2_common/pico_bit_ops/bit_ops_aeabi.S.obj
                0x10007928                __wrap___ctzsi2
 .text.__wrap___aeabi_idiv
                0x10007934       0x50 CMakeFiles/WirelessKeyboard.dir/C_/Users/Monard/.pico-sdk/sdk/2.3.0/src/rp2_common/pico_divider/divider_hardware.S.obj
                0x10007934                __wrap___aeabi_idivmod
                0x10007934                divmod_s32s32
                0x10007934                div_s32s32
                0x10007934                __wrap___aeabi_idiv
                0x10007968                divmod_s32s32_savestate
 .text.__wrap___aeabi_uidiv
                0x10007984       0x4c CMakeFiles/WirelessKeyboard.dir/C_/Users/Monard/.pico-sdk/sdk/2.3.0/src/rp2_common/pico_divider/divider_hardware.S.obj
                0x10007984                __wrap___aeabi_uidivmod
                0x10007984                div_u32u32
                0x10007984                divmod_u32u32
                0x10007984                __wrap___aeabi_uidiv
                0x100079b4                divmod_u32u32_savestate
 .text.__wrap___aeabi_ldiv
                0x100079d0      0x424 CMakeFiles/WirelessKeyboard.dir/C_/Users/Monard/.pico-sdk/sdk/2.3.0/src/rp2_common/pico_divider/divider_hardware.S.obj
                0x100079d0                div_s64s64
                0x100079d0                divmod_s64s64
                0x100079d0                __wrap___aeabi_ldivmod
                0x10007a00                divmod_u64u64
                0x10007a00                div_u64u64
                0x10007a00                __wrap___aeabi_uldivmod
                0x10007a10                divmod_u64u64_savestate
                0x10007a30                divmod_s64s64_unsafe
                0x10007ab8                divmod_u64u64_unsafe
 .text.__wrap___aeabi_darithmetic
                0x10007df4       0x80 CMakeFiles/WirelessKeyboard.dir/C_/Users/Monard/.pico-sdk/sdk/2.3.0/src/rp2_common/pico_double/double_aeabi_rp2040.S.obj
                0x10007df4                __wrap___aeabi_drsub
                0x10007dfa                __wrap___aeabi_dsub
                0x10007e0c                __wrap___aeabi_dadd
                0x10007e1e                __wrap___aeabi_ddiv
                0x10007e5a                __wrap___aeabi_dmul
 .text.__wrap___aeabi_cdcmple
                0x10007e74       0x6c CMakeFiles/WirelessKeyboard.dir/C_/Users/Monard/.pico-sdk/sdk/2.3.0/src/rp2_common/pico_double/double_aeabi_rp2040.S.obj
                0x10007e74                __wrap___aeabi_cdrcmple
                0x10007e84                __wrap___aeabi_cdcmpeq
                0x10007e84                __wrap___aeabi_cdcmple
 .text.__wrap___aeabi_dcmplt
                0x10007ee0        0xc CMakeFiles/WirelessKeyboard.dir/C_/Users/Monard/.pico-sdk/sdk/2.3.0/src/rp2_common/pico_double/double_aeabi_rp2040.S.obj
                0x10007ee0                __wrap___aeabi_dcmplt
 .text.__wrap___aeabi_dcmple
                0x10007eec       0x10 CMakeFiles/WirelessKeyboard.dir/C_/Users/Monard/.pico-sdk/sdk/2.3.0/src/rp2_common/pico_double/double_aeabi_rp2040.S.obj
                0x10007eec                __wrap___aeabi_dcmple
 .text.__wrap___aeabi_dcmpge
                0x10007efc       0x10 CMakeFiles/WirelessKeyboard.dir/C_/Users/Monard/.pico-sdk/sdk/2.3.0/src/rp2_common/pico_double/double_aeabi_rp2040.S.obj
                0x10007efc                __wrap___aeabi_dcmpge
 .text.__wrap___aeabi_dcmpgt
                0x10007f0c        0xa CMakeFiles/WirelessKeyboard.dir/C_/Users/Monard/.pico-sdk/sdk/2.3.0/src/rp2_common/pico_double/double_aeabi_rp2040.S.obj
                0x10007f0c                __wrap___aeabi_dcmpgt
 .text.__wrap___aeabi_dcmpun
                0x10007f16       0x18 CMakeFiles/WirelessKeyboard.dir/C_/Users/Monard/.pico-sdk/sdk/2.3.0/src/rp2_common/pico_double/double_aeabi_rp2040.S.obj
                0x10007f16                __wrap___aeabi_dcmpun
 *fill*         0x10007f2e        0x2 
 .text.__wrap___aeabi_i2d
                0x10007f30       0x38 CMakeFiles/WirelessKeyboard.dir/C_/Users/Monard/.pico-sdk/sdk/2.3.0/src/rp2_common/pico_double/double_aeabi_rp2040.S.obj
                0x10007f30                uint2double
                0x10007f30                __wrap___aeabi_ui2d
                0x10007f38                int2double
                0x10007f38                __wrap___aeabi_i2d
 .text.__wrap___aeabi_d2iz
                0x10007f68       0x48 CMakeFiles/WirelessKeyboard.dir/C_/Users/Monard/.pico-sdk/sdk/2.3.0/src/rp2_common/pico_double/double_aeabi_rp2040.S.obj
                0x10007f68                double2int_z
                0x10007f68                __wrap___aeabi_d2iz
 .text.__wrap___aeabi_d2uiz
                0x10007fb0       0x18 CMakeFiles/WirelessKeyboard.dir/C_/Users/Monard/.pico-sdk/sdk/2.3.0/src/rp2_common/pico_double/double_aeabi_rp2040.S.obj
                0x10007fb0                double2uint
                0x10007fb0                __wrap___aeabi_d2uiz
                0x10007fb0                double2uint_z
 .text.__aeabi_double_init
                0x10007fc8       0xa4 CMakeFiles/WirelessKeyboard.dir/C_/Users/Monard/.pico-sdk/sdk/2.3.0/src/rp2_common/pico_double/double_init_rom_rp2040.c.obj
                0x10007fc8                __aeabi_double_init
 .text.double_table_shim_on_use_helper
                0x1000806c       0x2c CMakeFiles/WirelessKeyboard.dir/C_/Users/Monard/.pico-sdk/sdk/2.3.0/src/rp2_common/pico_double/double_v1_rom_shim_rp2040.S.obj
                0x1000806c                double_table_shim_on_use_helper
 .text.__wrap___aeabi_dsub
                0x10008098       0x10 CMakeFiles/WirelessKeyboard.dir/C_/Users/Monard/.pico-sdk/sdk/2.3.0/src/rp2_common/pico_double/double_v1_rom_shim_rp2040.S.obj
                0x10008098                drsub_shim
                0x1000809e                dsub_shim
 .text.dadd_shim
                0x100080a8      0x15c CMakeFiles/WirelessKeyboard.dir/C_/Users/Monard/.pico-sdk/sdk/2.3.0/src/rp2_common/pico_double/double_v1_rom_shim_rp2040.S.obj
                0x100080a8                dadd_shim
 .text.dmul_shim
                0x10008204      0x15c CMakeFiles/WirelessKeyboard.dir/C_/Users/Monard/.pico-sdk/sdk/2.3.0/src/rp2_common/pico_double/double_v1_rom_shim_rp2040.S.obj
                0x10008204                dmul_shim
 .text.ddiv_shim
                0x10008360      0x1b0 CMakeFiles/WirelessKeyboard.dir/C_/Users/Monard/.pico-sdk/sdk/2.3.0/src/rp2_common/pico_double/double_v1_rom_shim_rp2040.S.obj
                0x10008360                ddiv_shim
 .text.double2uint_shim
                0x10008510        0xe CMakeFiles/WirelessKeyboard.dir/C_/Users/Monard/.pico-sdk/sdk/2.3.0/src/rp2_common/pico_double/double_v1_rom_shim_rp2040.S.obj
                0x10008510                double2uint_shim
                0x10008512                double2ufix_shim
 *fill*         0x1000851e        0x2 
 .text.double2uint64_shim
                0x10008520       0x70 CMakeFiles/WirelessKeyboard.dir/C_/Users/Monard/.pico-sdk/sdk/2.3.0/src/rp2_common/pico_double/double_v1_rom_shim_rp2040.S.obj
                0x10008520                double2uint64_shim
                0x10008522                double2ufix64_shim
                0x10008542                d2fix_a
 .text.dunpacks
                0x10008590       0x3c CMakeFiles/WirelessKeyboard.dir/C_/Users/Monard/.pico-sdk/sdk/2.3.0/src/rp2_common/pico_double/double_v1_rom_shim_rp2040.S.obj
                0x10008590                dunpacks
 .text.__aeabi_lmul
                0x100085cc       0x32 CMakeFiles/WirelessKeyboard.dir/C_/Users/Monard/.pico-sdk/sdk/2.3.0/src/rp2_common/pico_int64_ops/pico_int64_ops_aeabi.S.obj
                0x100085cc                __wrap___aeabi_lmul
 *fill*         0x100085fe        0x2 
 .text.__wrap___aeabi_farithmetic
                0x10008600       0x48 CMakeFiles/WirelessKeyboard.dir/C_/Users/Monard/.pico-sdk/sdk/2.3.0/src/rp2_common/pico_float/float_aeabi_rp2040.S.obj
                0x10008600                __wrap___aeabi_frsub
                0x10008606                __wrap___aeabi_fsub
                0x1000860c                __wrap___aeabi_fadd
                0x10008612                __wrap___aeabi_fdiv
                0x1000863a                __wrap___aeabi_fmul
 .text.__wrap___aeabi_ui2f
                0x10008648        0xa CMakeFiles/WirelessKeyboard.dir/C_/Users/Monard/.pico-sdk/sdk/2.3.0/src/rp2_common/pico_float/float_aeabi_rp2040.S.obj
                0x10008648                __wrap___aeabi_ui2f
                0x10008648                uint2float
 *fill*         0x10008652        0x2 
 .text.__wrap___aeabi_i2f
                0x10008654       0x44 CMakeFiles/WirelessKeyboard.dir/C_/Users/Monard/.pico-sdk/sdk/2.3.0/src/rp2_common/pico_float/float_aeabi_rp2040.S.obj
                0x10008654                __wrap___aeabi_i2f
                0x10008654                int2float
 .text.__wrap___aeabi_f2uiz
                0x10008698        0xc CMakeFiles/WirelessKeyboard.dir/C_/Users/Monard/.pico-sdk/sdk/2.3.0/src/rp2_common/pico_float/float_aeabi_rp2040.S.obj
                0x10008698                float2uint_z
                0x10008698                __wrap___aeabi_f2uiz
                0x10008698                float2uint
 .text.__aeabi_float_init
                0x100086a4       0x68 CMakeFiles/WirelessKeyboard.dir/C_/Users/Monard/.pico-sdk/sdk/2.3.0/src/rp2_common/pico_float/float_init_rom_rp2040.c.obj
                0x100086a4                __aeabi_float_init
 .text.float_table_shim_on_use_helper
                0x1000870c       0x2c CMakeFiles/WirelessKeyboard.dir/C_/Users/Monard/.pico-sdk/sdk/2.3.0/src/rp2_common/pico_float/float_v1_rom_shim_rp2040.S.obj
                0x1000870c                float_table_shim_on_use_helper
 .text.__wrap_malloc
                0x10008738       0x3c CMakeFiles/WirelessKeyboard.dir/C_/Users/Monard/.pico-sdk/sdk/2.3.0/src/rp2_common/pico_malloc/malloc.c.obj
                0x10008738                __wrap_malloc
 .text.__wrap_calloc
                0x10008774       0x44 CMakeFiles/WirelessKeyboard.dir/C_/Users/Monard/.pico-sdk/sdk/2.3.0/src/rp2_common/pico_malloc/malloc.c.obj
                0x10008774                __wrap_calloc
 .text.__wrap_free
                0x100087b8       0x20 CMakeFiles/WirelessKeyboard.dir/C_/Users/Monard/.pico-sdk/sdk/2.3.0/src/rp2_common/pico_malloc/malloc.c.obj
                0x100087b8                __wrap_free
 .text          0x100087d8       0x10 CMakeFiles/WirelessKeyboard.dir/C_/Users/Monard/.pico-sdk/sdk/2.3.0/src/rp2_common/pico_mem_ops/mem_ops_aeabi.S.obj
                0x100087d8                __aeabi_mem_init
 .text.memset   0x100087e8        0xc CMakeFiles/WirelessKeyboard.dir/C_/Users/Monard/.pico-sdk/sdk/2.3.0/src/rp2_common/pico_mem_ops/mem_ops_aeabi.S.obj
                0x100087e8                __wrap_memset
 .text.memcpy   0x100087f4        0xc CMakeFiles/WirelessKeyboard.dir/C_/Users/Monard/.pico-sdk/sdk/2.3.0/src/rp2_common/pico_mem_ops/mem_ops_aeabi.S.obj
                0x100087f4                __wrap_memcpy
                0x100087f4                __wrap___aeabi_memcpy
 .text._out_null
                0x10008800        0x4 CMakeFiles/WirelessKeyboard.dir/C_/Users/Monard/.pico-sdk/sdk/2.3.0/src/rp2_common/pico_printf/printf.c.obj
 .text._out_rev
                0x10008804       0xa8 CMakeFiles/WirelessKeyboard.dir/C_/Users/Monard/.pico-sdk/sdk/2.3.0/src/rp2_common/pico_printf/printf.c.obj
 .text._ntoa_format
                0x100088ac      0x1d8 CMakeFiles/WirelessKeyboard.dir/C_/Users/Monard/.pico-sdk/sdk/2.3.0/src/rp2_common/pico_printf/printf.c.obj
 .text._out_char
                0x10008a84       0x10 CMakeFiles/WirelessKeyboard.dir/C_/Users/Monard/.pico-sdk/sdk/2.3.0/src/rp2_common/pico_printf/printf.c.obj
 .text._out_fct
                0x10008a94       0x10 CMakeFiles/WirelessKeyboard.dir/C_/Users/Monard/.pico-sdk/sdk/2.3.0/src/rp2_common/pico_printf/printf.c.obj
 .text._ftoa    0x10008aa4      0x474 CMakeFiles/WirelessKeyboard.dir/C_/Users/Monard/.pico-sdk/sdk/2.3.0/src/rp2_common/pico_printf/printf.c.obj
 .text._etoa    0x10008f18      0x560 CMakeFiles/WirelessKeyboard.dir/C_/Users/Monard/.pico-sdk/sdk/2.3.0/src/rp2_common/pico_printf/printf.c.obj
 .text._vsnprintf
                0x10009478      0xab8 CMakeFiles/WirelessKeyboard.dir/C_/Users/Monard/.pico-sdk/sdk/2.3.0/src/rp2_common/pico_printf/printf.c.obj
 .text.vfctprintf
                0x10009f30       0x20 CMakeFiles/WirelessKeyboard.dir/C_/Users/Monard/.pico-sdk/sdk/2.3.0/src/rp2_common/pico_printf/printf.c.obj
                0x10009f30                vfctprintf
 .text.weak_raw_vprintf
                0x10009f50       0x30 CMakeFiles/WirelessKeyboard.dir/C_/Users/Monard/.pico-sdk/sdk/2.3.0/src/rp2_common/pico_printf/printf.c.obj
                0x10009f50                weak_raw_vprintf
 .text._exit    0x10009f80        0x4 CMakeFiles/WirelessKeyboard.dir/C_/Users/Monard/.pico-sdk/sdk/2.3.0/src/rp2_common/pico_clib_interface/newlib_interface.c.obj
                0x10009f80                _exit
 .text._fini    0x10009f84        0x4 CMakeFiles/WirelessKeyboard.dir/C_/Users/Monard/.pico-sdk/sdk/2.3.0/src/rp2_common/pico_clib_interface/newlib_interface.c.obj
                0x10009f84                _fini
 .text._sbrk    0x10009f88       0x34 CMakeFiles/WirelessKeyboard.dir/C_/Users/Monard/.pico-sdk/sdk/2.3.0/src/rp2_common/pico_clib_interface/newlib_interface.c.obj
                0x10009f88                _sbrk
 .text.exit     0x10009fbc        0x8 CMakeFiles/WirelessKeyboard.dir/C_/Users/Monard/.pico-sdk/sdk/2.3.0/src/rp2_common/pico_clib_interface/newlib_interface.c.obj
                0x10009fbc                exit
 .text.runtime_init
                0x10009fc4       0x2c CMakeFiles/WirelessKeyboard.dir/C_/Users/Monard/.pico-sdk/sdk/2.3.0/src/rp2_common/pico_clib_interface/newlib_interface.c.obj
                0x10009fc4                runtime_init
 .text.stdio_out_chars_no_crlf
                0x10009ff0       0x10 CMakeFiles/WirelessKeyboard.dir/C_/Users/Monard/.pico-sdk/sdk/2.3.0/src/rp2_common/pico_stdio/stdio.c.obj
 .text.stdio_out_chars_crlf
                0x1000a000       0x90 CMakeFiles/WirelessKeyboard.dir/C_/Users/Monard/.pico-sdk/sdk/2.3.0/src/rp2_common/pico_stdio/stdio.c.obj
 .text.stdio_buffered_printer
                0x1000a090       0x58 CMakeFiles/WirelessKeyboard.dir/C_/Users/Monard/.pico-sdk/sdk/2.3.0/src/rp2_common/pico_stdio/stdio.c.obj
 .text.stdio_put_string
                0x1000a0e8       0xf4 CMakeFiles/WirelessKeyboard.dir/C_/Users/Monard/.pico-sdk/sdk/2.3.0/src/rp2_common/pico_stdio/stdio.c.obj
                0x1000a0e8                stdio_put_string
 .text.__wrap_putchar
                0x1000a1dc       0x94 CMakeFiles/WirelessKeyboard.dir/C_/Users/Monard/.pico-sdk/sdk/2.3.0/src/rp2_common/pico_stdio/stdio.c.obj
                0x1000a1dc                __wrap_putchar
                0x1000a1dc                stdio_putchar
 .text.__wrap_puts
                0x1000a270       0x3c CMakeFiles/WirelessKeyboard.dir/C_/Users/Monard/.pico-sdk/sdk/2.3.0/src/rp2_common/pico_stdio/stdio.c.obj
                0x1000a270                stdio_puts
                0x1000a270                __wrap_puts
 .text.__wrap_vprintf
                0x1000a2ac       0xc8 CMakeFiles/WirelessKeyboard.dir/C_/Users/Monard/.pico-sdk/sdk/2.3.0/src/rp2_common/pico_stdio/stdio.c.obj
                0x1000a2ac                stdio_vprintf
                0x1000a2ac                __wrap_vprintf
 .text.__wrap_printf
                0x1000a374       0x18 CMakeFiles/WirelessKeyboard.dir/C_/Users/Monard/.pico-sdk/sdk/2.3.0/src/rp2_common/pico_stdio/stdio.c.obj
                0x1000a374                __wrap_printf
                0x1000a374                stdio_printf
 .text.runtime_init_per_core_tls_setup
                0x1000a38c        0xc CMakeFiles/WirelessKeyboard.dir/C_/Users/Monard/.pico-sdk/sdk/2.3.0/src/rp2_common/pico_thread_local/thread_local.c.obj
                0x1000a38c                runtime_init_per_core_tls_setup
 .text.core1_trampoline
                0x1000a398        0x4 CMakeFiles/WirelessKeyboard.dir/C_/Users/Monard/.pico-sdk/sdk/2.3.0/src/rp2_common/pico_multicore/multicore.c.obj
 .text.core1_wrapper
                0x1000a39c        0xc CMakeFiles/WirelessKeyboard.dir/C_/Users/Monard/.pico-sdk/sdk/2.3.0/src/rp2_common/pico_multicore/multicore.c.obj
                0x1000a39c                core1_wrapper
 .text.multicore_reset_core1
                0x1000a3a8       0x60 CMakeFiles/WirelessKeyboard.dir/C_/Users/Monard/.pico-sdk/sdk/2.3.0/src/rp2_common/pico_multicore/multicore.c.obj
                0x1000a3a8                multicore_reset_core1
 .text.multicore_launch_core1_raw
                0x1000a408       0x90 CMakeFiles/WirelessKeyboard.dir/C_/Users/Monard/.pico-sdk/sdk/2.3.0/src/rp2_common/pico_multicore/multicore.c.obj
                0x1000a408                multicore_launch_core1_raw
 .text.multicore_launch_core1
                0x1000a498       0x5c CMakeFiles/WirelessKeyboard.dir/C_/Users/Monard/.pico-sdk/sdk/2.3.0/src/rp2_common/pico_multicore/multicore.c.obj
                0x1000a498                multicore_launch_core1
 .text._control_blocking_complete_cb
                0x1000a4f4        0x8 CMakeFiles/WirelessKeyboard.dir/C_/Users/Monard/.pico-sdk/sdk/2.3.0/lib/tinyusb/src/host/usbh.c.obj
 .text.process_removing_device
                0x1000a4fc       0xe4 CMakeFiles/WirelessKeyboard.dir/C_/Users/Monard/.pico-sdk/sdk/2.3.0/lib/tinyusb/src/host/usbh.c.obj
 .text.usbh_control_xfer_cb.isra.0
                0x1000a5e0      0x204 CMakeFiles/WirelessKeyboard.dir/C_/Users/Monard/.pico-sdk/sdk/2.3.0/lib/tinyusb/src/host/usbh.c.obj
 .text.tuh_event_hook_cb
                0x1000a7e4        0x4 CMakeFiles/WirelessKeyboard.dir/C_/Users/Monard/.pico-sdk/sdk/2.3.0/lib/tinyusb/src/host/usbh.c.obj
                0x1000a7e4                tuh_event_hook_cb
 .text.tuh_configure
                0x1000a7e8        0x8 CMakeFiles/WirelessKeyboard.dir/C_/Users/Monard/.pico-sdk/sdk/2.3.0/lib/tinyusb/src/host/usbh.c.obj
                0x1000a7e8                tuh_configure
 .text.tuh_rhport_init
                0x1000a7f0      0x11c CMakeFiles/WirelessKeyboard.dir/C_/Users/Monard/.pico-sdk/sdk/2.3.0/lib/tinyusb/src/host/usbh.c.obj
                0x1000a7f0                tuh_rhport_init
 .text.tuh_control_xfer
                0x1000a90c      0x13c CMakeFiles/WirelessKeyboard.dir/C_/Users/Monard/.pico-sdk/sdk/2.3.0/lib/tinyusb/src/host/usbh.c.obj
                0x1000a90c                tuh_control_xfer
 .text.enum_new_device.part.0
                0x1000aa48       0x8c CMakeFiles/WirelessKeyboard.dir/C_/Users/Monard/.pico-sdk/sdk/2.3.0/lib/tinyusb/src/host/usbh.c.obj
 .text.tuh_task_ext.part.0
                0x1000aad4      0x248 CMakeFiles/WirelessKeyboard.dir/C_/Users/Monard/.pico-sdk/sdk/2.3.0/lib/tinyusb/src/host/usbh.c.obj
 .text.tuh_task_ext
                0x1000ad1c       0x18 CMakeFiles/WirelessKeyboard.dir/C_/Users/Monard/.pico-sdk/sdk/2.3.0/lib/tinyusb/src/host/usbh.c.obj
                0x1000ad1c                tuh_task_ext
 .text.process_enumeration
                0x1000ad34      0x490 CMakeFiles/WirelessKeyboard.dir/C_/Users/Monard/.pico-sdk/sdk/2.3.0/lib/tinyusb/src/host/usbh.c.obj
 .text.usbh_get_enum_buf
                0x1000b1c4        0x8 CMakeFiles/WirelessKeyboard.dir/C_/Users/Monard/.pico-sdk/sdk/2.3.0/lib/tinyusb/src/host/usbh.c.obj
                0x1000b1c4                usbh_get_enum_buf
 .text.usbh_edpt_claim
                0x1000b1cc       0x3c CMakeFiles/WirelessKeyboard.dir/C_/Users/Monard/.pico-sdk/sdk/2.3.0/lib/tinyusb/src/host/usbh.c.obj
                0x1000b1cc                usbh_edpt_claim
 .text.usbh_edpt_release
                0x1000b208       0x3c CMakeFiles/WirelessKeyboard.dir/C_/Users/Monard/.pico-sdk/sdk/2.3.0/lib/tinyusb/src/host/usbh.c.obj
                0x1000b208                usbh_edpt_release
 .text.usbh_edpt_xfer_with_callback
                0x1000b244       0x58 CMakeFiles/WirelessKeyboard.dir/C_/Users/Monard/.pico-sdk/sdk/2.3.0/lib/tinyusb/src/host/usbh.c.obj
                0x1000b244                usbh_edpt_xfer_with_callback
 .text.tuh_edpt_open
                0x1000b29c       0x40 CMakeFiles/WirelessKeyboard.dir/C_/Users/Monard/.pico-sdk/sdk/2.3.0/lib/tinyusb/src/host/usbh.c.obj
                0x1000b29c                tuh_edpt_open
 .text.usbh_edpt_busy
                0x1000b2dc       0x24 CMakeFiles/WirelessKeyboard.dir/C_/Users/Monard/.pico-sdk/sdk/2.3.0/lib/tinyusb/src/host/usbh.c.obj
                0x1000b2dc                usbh_edpt_busy
 .text.hcd_devtree_get_info
                0x1000b300       0x38 CMakeFiles/WirelessKeyboard.dir/C_/Users/Monard/.pico-sdk/sdk/2.3.0/lib/tinyusb/src/host/usbh.c.obj
                0x1000b300                hcd_devtree_get_info
 .text.tuh_descriptor_get_hid_report
                0x1000b338      0x148 CMakeFiles/WirelessKeyboard.dir/C_/Users/Monard/.pico-sdk/sdk/2.3.0/lib/tinyusb/src/host/usbh.c.obj
                0x1000b338                tuh_descriptor_get_hid_report
 .text.usbh_driver_set_config_complete
                0x1000b480      0x16c CMakeFiles/WirelessKeyboard.dir/C_/Users/Monard/.pico-sdk/sdk/2.3.0/lib/tinyusb/src/host/usbh.c.obj
                0x1000b480                usbh_driver_set_config_complete
 .text.set_report_complete
                0x1000b5ec       0x9c CMakeFiles/WirelessKeyboard.dir/C_/Users/Monard/.pico-sdk/sdk/2.3.0/lib/tinyusb/src/class/hid/hid_host.c.obj
 .text.process_set_config
                0x1000b688      0x1c8 CMakeFiles/WirelessKeyboard.dir/C_/Users/Monard/.pico-sdk/sdk/2.3.0/lib/tinyusb/src/class/hid/hid_host.c.obj
 .text.tuh_hid_interface_protocol
                0x1000b850       0x2c CMakeFiles/WirelessKeyboard.dir/C_/Users/Monard/.pico-sdk/sdk/2.3.0/lib/tinyusb/src/class/hid/hid_host.c.obj
                0x1000b850                tuh_hid_interface_protocol
 .text.tuh_hid_set_default_protocol
                0x1000b87c        0xc CMakeFiles/WirelessKeyboard.dir/C_/Users/Monard/.pico-sdk/sdk/2.3.0/lib/tinyusb/src/class/hid/hid_host.c.obj
                0x1000b87c                tuh_hid_set_default_protocol
 .text.tuh_hid_set_report
                0x1000b888       0x70 CMakeFiles/WirelessKeyboard.dir/C_/Users/Monard/.pico-sdk/sdk/2.3.0/lib/tinyusb/src/class/hid/hid_host.c.obj
                0x1000b888                tuh_hid_set_report
 .text.tuh_hid_receive_ready
                0x1000b8f8       0x38 CMakeFiles/WirelessKeyboard.dir/C_/Users/Monard/.pico-sdk/sdk/2.3.0/lib/tinyusb/src/class/hid/hid_host.c.obj
                0x1000b8f8                tuh_hid_receive_ready
 .text.tuh_hid_receive_report
                0x1000b930       0x5c CMakeFiles/WirelessKeyboard.dir/C_/Users/Monard/.pico-sdk/sdk/2.3.0/lib/tinyusb/src/class/hid/hid_host.c.obj
                0x1000b930                tuh_hid_receive_report
 .text.hidh_init
                0x1000b98c       0x14 CMakeFiles/WirelessKeyboard.dir/C_/Users/Monard/.pico-sdk/sdk/2.3.0/lib/tinyusb/src/class/hid/hid_host.c.obj
                0x1000b98c                hidh_init
 .text.hidh_deinit
                0x1000b9a0        0x4 CMakeFiles/WirelessKeyboard.dir/C_/Users/Monard/.pico-sdk/sdk/2.3.0/lib/tinyusb/src/class/hid/hid_host.c.obj
                0x1000b9a0                hidh_deinit
 .text.hidh_xfer_cb
                0x1000b9a4       0xc4 CMakeFiles/WirelessKeyboard.dir/C_/Users/Monard/.pico-sdk/sdk/2.3.0/lib/tinyusb/src/class/hid/hid_host.c.obj
                0x1000b9a4                hidh_xfer_cb
 .text.hidh_close
                0x1000ba68       0xac CMakeFiles/WirelessKeyboard.dir/C_/Users/Monard/.pico-sdk/sdk/2.3.0/lib/tinyusb/src/class/hid/hid_host.c.obj
                0x1000ba68                hidh_close
 .text.hidh_open
                0x1000bb14      0x11c CMakeFiles/WirelessKeyboard.dir/C_/Users/Monard/.pico-sdk/sdk/2.3.0/lib/tinyusb/src/class/hid/hid_host.c.obj
                0x1000bb14                hidh_open
 .text.hidh_set_config
                0x1000bc30       0x9c CMakeFiles/WirelessKeyboard.dir/C_/Users/Monard/.pico-sdk/sdk/2.3.0/lib/tinyusb/src/class/hid/hid_host.c.obj
                0x1000bc30                hidh_set_config
 .text.tuh_hid_parse_report_descriptor
                0x1000bccc       0xdc CMakeFiles/WirelessKeyboard.dir/C_/Users/Monard/.pico-sdk/sdk/2.3.0/lib/tinyusb/src/class/hid/hid_host.c.obj
                0x1000bccc                tuh_hid_parse_report_descriptor
 .text.tusb_time_delay_ms_api
                0x1000bda8        0x8 CMakeFiles/WirelessKeyboard.dir/C_/Users/Monard/.pico-sdk/sdk/2.3.0/lib/tinyusb/src/tusb.c.obj
                0x1000bda8                tusb_time_delay_ms_api
 .text.tu_edpt_claim
                0x1000bdb0       0x50 CMakeFiles/WirelessKeyboard.dir/C_/Users/Monard/.pico-sdk/sdk/2.3.0/lib/tinyusb/src/tusb.c.obj
                0x1000bdb0                tu_edpt_claim
 .text.tu_edpt_release
                0x1000be00       0x38 CMakeFiles/WirelessKeyboard.dir/C_/Users/Monard/.pico-sdk/sdk/2.3.0/lib/tinyusb/src/tusb.c.obj
                0x1000be00                tu_edpt_release
 .text.tu_edpt_validate
                0x1000be38       0x74 CMakeFiles/WirelessKeyboard.dir/C_/Users/Monard/.pico-sdk/sdk/2.3.0/lib/tinyusb/src/tusb.c.obj
                0x1000be38                tu_edpt_validate
 .text.tu_edpt_bind_driver
                0x1000beac       0x34 CMakeFiles/WirelessKeyboard.dir/C_/Users/Monard/.pico-sdk/sdk/2.3.0/lib/tinyusb/src/tusb.c.obj
                0x1000beac                tu_edpt_bind_driver
 .text.tu_desc_get_interface_total_len
                0x1000bee0       0x50 CMakeFiles/WirelessKeyboard.dir/C_/Users/Monard/.pico-sdk/sdk/2.3.0/lib/tinyusb/src/tusb.c.obj
                0x1000bee0                tu_desc_get_interface_total_len
 .text.tu_fifo_empty
                0x1000bf30       0x10 CMakeFiles/WirelessKeyboard.dir/C_/Users/Monard/.pico-sdk/sdk/2.3.0/lib/tinyusb/src/common/tusb_fifo.c.obj
                0x1000bf30                tu_fifo_empty
 .text.tu_fifo_read
                0x1000bf40       0x9c CMakeFiles/WirelessKeyboard.dir/C_/Users/Monard/.pico-sdk/sdk/2.3.0/lib/tinyusb/src/common/tusb_fifo.c.obj
                0x1000bf40                tu_fifo_read
 .text.tu_fifo_write
                0x1000bfdc       0xa4 CMakeFiles/WirelessKeyboard.dir/C_/Users/Monard/.pico-sdk/sdk/2.3.0/lib/tinyusb/src/common/tusb_fifo.c.obj
                0x1000bfdc                tu_fifo_write
 .text.tu_fifo_clear
                0x1000c080       0x40 CMakeFiles/WirelessKeyboard.dir/C_/Users/Monard/.pico-sdk/sdk/2.3.0/lib/tinyusb/src/common/tusb_fifo.c.obj
                0x1000c080                tu_fifo_clear
 .text.board_init
                0x1000c0c0       0x70 CMakeFiles/WirelessKeyboard.dir/C_/Users/Monard/.pico-sdk/sdk/2.3.0/lib/tinyusb/hw/bsp/rp2040/family.c.obj
                0x1000c0c0                board_init
 .text.board_led_write
                0x1000c130       0x14 CMakeFiles/WirelessKeyboard.dir/C_/Users/Monard/.pico-sdk/sdk/2.3.0/lib/tinyusb/hw/bsp/rp2040/family.c.obj
                0x1000c130                board_led_write
 .text.startup._retrieve_unique_id_on_boot
                0x1000c144       0x10 CMakeFiles/WirelessKeyboard.dir/C_/Users/Monard/.pico-sdk/sdk/2.3.0/src/rp2_common/pico_unique_id/unique_id.c.obj
 .text.flash_get_unique_id
                0x1000c154       0x3c CMakeFiles/WirelessKeyboard.dir/C_/Users/Monard/.pico-sdk/sdk/2.3.0/src/rp2_common/hardware_flash/flash.c.obj
                0x1000c154                flash_get_unique_id
 .text.pio_usb_bus_init
                0x1000c190      0x184 CMakeFiles/WirelessKeyboard.dir/Pico-PIO-USB/src/pio_usb.c.obj
                0x1000c190                pio_usb_bus_init
 .text.pio_usb_host_init
                0x1000c314      0x1e4 CMakeFiles/WirelessKeyboard.dir/Pico-PIO-USB/src/pio_usb_host.c.obj
                0x1000c314                pio_usb_host_init
 .text.pio_usb_host_port_reset_start
                0x1000c4f8       0x40 CMakeFiles/WirelessKeyboard.dir/Pico-PIO-USB/src/pio_usb_host.c.obj
                0x1000c4f8                pio_usb_host_port_reset_start
 .text.pio_usb_host_port_reset_end
                0x1000c538       0x48 CMakeFiles/WirelessKeyboard.dir/Pico-PIO-USB/src/pio_usb_host.c.obj
                0x1000c538                pio_usb_host_port_reset_end
 .text.pio_usb_host_close_device
                0x1000c580       0x40 CMakeFiles/WirelessKeyboard.dir/Pico-PIO-USB/src/pio_usb_host.c.obj
                0x1000c580                pio_usb_host_close_device
 .text.pio_usb_host_endpoint_open
                0x1000c5c0       0xb4 CMakeFiles/WirelessKeyboard.dir/Pico-PIO-USB/src/pio_usb_host.c.obj
                0x1000c5c0                pio_usb_host_endpoint_open
 .text.pio_usb_host_send_setup
                0x1000c674       0x64 CMakeFiles/WirelessKeyboard.dir/Pico-PIO-USB/src/pio_usb_host.c.obj
                0x1000c674                pio_usb_host_send_setup
 .text.pio_usb_host_endpoint_transfer
                0x1000c6d8       0x98 CMakeFiles/WirelessKeyboard.dir/Pico-PIO-USB/src/pio_usb_host.c.obj
                0x1000c6d8                pio_usb_host_endpoint_transfer
 .text.pio_usb_host_endpoint_abort_transfer
                0x1000c770       0xa8 CMakeFiles/WirelessKeyboard.dir/Pico-PIO-USB/src/pio_usb_host.c.obj
                0x1000c770                pio_usb_host_endpoint_abort_transfer
 .text.pio_usb_host_endpoint_reset_toggle
                0x1000c818       0x88 CMakeFiles/WirelessKeyboard.dir/Pico-PIO-USB/src/pio_usb_host.c.obj
                0x1000c818                pio_usb_host_endpoint_reset_toggle
 .text.calc_usb_crc16
                0x1000c8a0       0x38 CMakeFiles/WirelessKeyboard.dir/Pico-PIO-USB/src/usb_crc.c.obj
                0x1000c8a0                calc_usb_crc16
 .text.pio_sm_claim
                0x1000c8d8       0x30 CMakeFiles/WirelessKeyboard.dir/C_/Users/Monard/.pico-sdk/sdk/2.3.0/src/rp2_common/hardware_pio/pio.c.obj
                0x1000c8d8                pio_sm_claim
 .text.pio_add_program
                0x1000c908       0xe8 CMakeFiles/WirelessKeyboard.dir/C_/Users/Monard/.pico-sdk/sdk/2.3.0/src/rp2_common/hardware_pio/pio.c.obj
                0x1000c908                pio_add_program
 .text.pio_add_program_at_offset
                0x1000c9f0       0xb8 CMakeFiles/WirelessKeyboard.dir/C_/Users/Monard/.pico-sdk/sdk/2.3.0/src/rp2_common/hardware_pio/pio.c.obj
                0x1000c9f0                pio_add_program_at_offset
 .text.pio_sm_set_pins_with_mask64
                0x1000caa8       0xa8 CMakeFiles/WirelessKeyboard.dir/C_/Users/Monard/.pico-sdk/sdk/2.3.0/src/rp2_common/hardware_pio/pio.c.obj
                0x1000caa8                pio_sm_set_pins_with_mask64
 .text.pio_sm_set_pindirs_with_mask64
                0x1000cb50       0xa8 CMakeFiles/WirelessKeyboard.dir/C_/Users/Monard/.pico-sdk/sdk/2.3.0/src/rp2_common/hardware_pio/pio.c.obj
                0x1000cb50                pio_sm_set_pindirs_with_mask64
 .text.pio_sm_set_consecutive_pindirs
                0x1000cbf8       0xb0 CMakeFiles/WirelessKeyboard.dir/C_/Users/Monard/.pico-sdk/sdk/2.3.0/src/rp2_common/hardware_pio/pio.c.obj
                0x1000cbf8                pio_sm_set_consecutive_pindirs
 .text.pio_sm_init
                0x1000cca8       0xa8 CMakeFiles/WirelessKeyboard.dir/C_/Users/Monard/.pico-sdk/sdk/2.3.0/src/rp2_common/hardware_pio/pio.c.obj
                0x1000cca8                pio_sm_init
 .text.dma_claim_mask
                0x1000cd50       0x48 CMakeFiles/WirelessKeyboard.dir/C_/Users/Monard/.pico-sdk/sdk/2.3.0/src/rp2_common/hardware_dma/dma.c.obj
                0x1000cd50                dma_claim_mask
 .text.spi_init
                0x1000cd98      0x114 CMakeFiles/WirelessKeyboard.dir/C_/Users/Monard/.pico-sdk/sdk/2.3.0/src/rp2_common/hardware_spi/spi.c.obj
                0x1000cd98                spi_init
 .text.adc_init
                0x1000ceac       0x38 CMakeFiles/WirelessKeyboard.dir/C_/Users/Monard/.pico-sdk/sdk/2.3.0/src/rp2_common/hardware_adc/adc.c.obj
                0x1000ceac                adc_init
 .text.calloc   0x1000cee4       0x14 C:/Users/Monard/.pico-sdk/toolchain/15_2_Rel1/bin/../lib/gcc/arm-none-eabi/15.2.1/../../../../arm-none-eabi/lib/thumb/v6-m/nofp\libg.a(libc_a-calloc.o)
                0x1000cee4                calloc
 .text._calloc_r
                0x1000cef8       0xb8 C:/Users/Monard/.pico-sdk/toolchain/15_2_Rel1/bin/../lib/gcc/arm-none-eabi/15.2.1/../../../../arm-none-eabi/lib/thumb/v6-m/nofp\libg.a(libc_a-callocr.o)
                0x1000cef8                _calloc_r
 .text.malloc   0x1000cfb0       0x14 C:/Users/Monard/.pico-sdk/toolchain/15_2_Rel1/bin/../lib/gcc/arm-none-eabi/15.2.1/../../../../arm-none-eabi/lib/thumb/v6-m/nofp\libg.a(libc_a-malloc.o)
                0x1000cfb0                malloc
 .text.free     0x1000cfc4       0x14 C:/Users/Monard/.pico-sdk/toolchain/15_2_Rel1/bin/../lib/gcc/arm-none-eabi/15.2.1/../../../../arm-none-eabi/lib/thumb/v6-m/nofp\libg.a(libc_a-malloc.o)
                0x1000cfc4                free
 .text._malloc_r
                0x1000cfd8      0x564 C:/Users/Monard/.pico-sdk/toolchain/15_2_Rel1/bin/../lib/gcc/arm-none-eabi/15.2.1/../../../../arm-none-eabi/lib/thumb/v6-m/nofp\libg.a(libc_a-mallocr.o)
                0x1000cfd8                _malloc_r
 .text.__malloc_lock
                0x1000d53c       0x10 C:/Users/Monard/.pico-sdk/toolchain/15_2_Rel1/bin/../lib/gcc/arm-none-eabi/15.2.1/../../../../arm-none-eabi/lib/thumb/v6-m/nofp\libg.a(libc_a-mlock.o)
                0x1000d53c                __malloc_lock
 .text.__malloc_unlock
                0x1000d54c       0x10 C:/Users/Monard/.pico-sdk/toolchain/15_2_Rel1/bin/../lib/gcc/arm-none-eabi/15.2.1/../../../../arm-none-eabi/lib/thumb/v6-m/nofp\libg.a(libc_a-mlock.o)
                0x1000d54c                __malloc_unlock
 .text._sbrk_r  0x1000d55c       0x24 C:/Users/Monard/.pico-sdk/toolchain/15_2_Rel1/bin/../lib/gcc/arm-none-eabi/15.2.1/../../../../arm-none-eabi/lib/thumb/v6-m/nofp\libg.a(libc_a-sbrkr.o)
                0x1000d55c                _sbrk_r
 .text.__errno  0x1000d580        0xc C:/Users/Monard/.pico-sdk/toolchain/15_2_Rel1/bin/../lib/gcc/arm-none-eabi/15.2.1/../../../../arm-none-eabi/lib/thumb/v6-m/nofp\libg.a(libc_a-errno.o)
                0x1000d580                __errno
 .text.__retarget_lock_acquire_recursive
                0x1000d58c        0x4 C:/Users/Monard/.pico-sdk/toolchain/15_2_Rel1/bin/../lib/gcc/arm-none-eabi/15.2.1/../../../../arm-none-eabi/lib/thumb/v6-m/nofp\libg.a(libc_a-lock.o)
                0x1000d58c                __retarget_lock_acquire_recursive
 .text.__retarget_lock_release_recursive
                0x1000d590        0x4 C:/Users/Monard/.pico-sdk/toolchain/15_2_Rel1/bin/../lib/gcc/arm-none-eabi/15.2.1/../../../../arm-none-eabi/lib/thumb/v6-m/nofp\libg.a(libc_a-lock.o)
                0x1000d590                __retarget_lock_release_recursive
 .text.sysconf  0x1000d594       0x1c C:/Users/Monard/.pico-sdk/toolchain/15_2_Rel1/bin/../lib/gcc/arm-none-eabi/15.2.1/../../../../arm-none-eabi/lib/thumb/v6-m/nofp\libg.a(libc_a-sysconf.o)
                0x1000d594                sysconf
 .text.strlen   0x1000d5b0       0x60 C:/Users/Monard/.pico-sdk/toolchain/15_2_Rel1/bin/../lib/gcc/arm-none-eabi/15.2.1/../../../../arm-none-eabi/lib/thumb/v6-m/nofp\libg.a(libc_a-strlen-stub.o)
                0x1000d5b0                strlen
 .text._malloc_trim_r
                0x1000d610       0xb0 C:/Users/Monard/.pico-sdk/toolchain/15_2_Rel1/bin/../lib/gcc/arm-none-eabi/15.2.1/../../../../arm-none-eabi/lib/thumb/v6-m/nofp\libg.a(libc_a-freer.o)
                0x1000d610                _malloc_trim_r
 .text._free_r  0x1000d6c0      0x1d4 C:/Users/Monard/.pico-sdk/toolchain/15_2_Rel1/bin/../lib/gcc/arm-none-eabi/15.2.1/../../../../arm-none-eabi/lib/thumb/v6-m/nofp\libg.a(libc_a-freer.o)
                0x1000d6c0                _free_r
 *fill*         0x1000d894        0x4 
 .text._free_r.__stub
                0x1000d898      0x110 linker stubs
 *(.fini)
 *crtbegin.o(.ctors)
 *crtbegin?.o(.ctors)
 *(EXCLUDE_FILE(*crtend.o *crtend?.o) .ctors)
 *(SORT_BY_NAME(.ctors.*))
 *(.ctors)
 *crtbegin.o(.dtors)
 *crtbegin?.o(.dtors)
 *(EXCLUDE_FILE(*crtend.o *crtend?.o) .dtors)
 *(SORT_BY_NAME(.dtors.*))
 *(.dtors)
                0x1000d9a8                        . = ALIGN (0x4)
                [!provide]                        PROVIDE (__bothinit_array_start = .)
                0x1000d9a8                        PROVIDE (__preinit_array_start = .)
 *(SORT_BY_NAME(.preinit_array.*))
 .preinit_array.00100
                0x1000d9a8        0x4 CMakeFiles/WirelessKeyboard.dir/C_/Users/Monard/.pico-sdk/sdk/2.3.0/src/rp2_common/pico_runtime_init/runtime_init.c.obj
                0x1000d9a8                __pre_init_runtime_init_early_resets
 .preinit_array.00101
                0x1000d9ac        0x4 CMakeFiles/WirelessKeyboard.dir/C_/Users/Monard/.pico-sdk/sdk/2.3.0/src/rp2_common/pico_runtime_init/runtime_init.c.obj
                0x1000d9ac                __pre_init_runtime_init_usb_power_down
 .preinit_array.00275
                0x1000d9b0        0x4 CMakeFiles/WirelessKeyboard.dir/C_/Users/Monard/.pico-sdk/sdk/2.3.0/src/rp2_common/pico_bit_ops/bit_ops_aeabi.S.obj
 .preinit_array.00300
                0x1000d9b4        0x4 CMakeFiles/WirelessKeyboard.dir/C_/Users/Monard/.pico-sdk/sdk/2.3.0/src/rp2_common/pico_mem_ops/mem_ops_aeabi.S.obj
 .preinit_array.00350
                0x1000d9b8        0x4 CMakeFiles/WirelessKeyboard.dir/C_/Users/Monard/.pico-sdk/sdk/2.3.0/src/rp2_common/pico_double/double_aeabi_rp2040.S.obj
 .preinit_array.00350
                0x1000d9bc        0x4 CMakeFiles/WirelessKeyboard.dir/C_/Users/Monard/.pico-sdk/sdk/2.3.0/src/rp2_common/pico_float/float_aeabi_rp2040.S.obj
 .preinit_array.00500
                0x1000d9c0        0x4 CMakeFiles/WirelessKeyboard.dir/C_/Users/Monard/.pico-sdk/sdk/2.3.0/src/rp2_common/pico_runtime_init/runtime_init.c.obj
                0x1000d9c0                __pre_init_runtime_init_clocks
 .preinit_array.00600
                0x1000d9c4        0x4 CMakeFiles/WirelessKeyboard.dir/C_/Users/Monard/.pico-sdk/sdk/2.3.0/src/rp2_common/pico_runtime_init/runtime_init.c.obj
                0x1000d9c4                __pre_init_runtime_init_post_clock_resets
 .preinit_array.00700
                0x1000d9c8        0x4 CMakeFiles/WirelessKeyboard.dir/C_/Users/Monard/.pico-sdk/sdk/2.3.0/src/rp2_common/pico_runtime_init/runtime_init.c.obj
                0x1000d9c8                __pre_init_runtime_init_rp2040_gpio_ie_disable
 .preinit_array.01000
                0x1000d9cc        0x4 CMakeFiles/WirelessKeyboard.dir/C_/Users/Monard/.pico-sdk/sdk/2.3.0/src/rp2_common/pico_runtime_init/runtime_init.c.obj
                0x1000d9cc                __pre_init_runtime_init_spin_locks_reset
 .preinit_array.01100
                0x1000d9d0        0x4 CMakeFiles/WirelessKeyboard.dir/C_/Users/Monard/.pico-sdk/sdk/2.3.0/src/common/pico_sync/mutex.c.obj
                0x1000d9d0                __pre_init_runtime_init_mutex
 .preinit_array.10080
                0x1000d9d4        0x4 CMakeFiles/WirelessKeyboard.dir/C_/Users/Monard/.pico-sdk/sdk/2.3.0/src/rp2_common/pico_runtime_init/runtime_init.c.obj
                0x1000d9d4                __pre_init_runtime_init_install_ram_vector_table
 .preinit_array.11000
                0x1000d9d8        0x4 CMakeFiles/WirelessKeyboard.dir/C_/Users/Monard/.pico-sdk/sdk/2.3.0/src/common/pico_time/time.c.obj
                0x1000d9d8                __pre_init_runtime_init_default_alarm_pool
 .preinit_array.YYYYY
                0x1000d9dc        0x4 CMakeFiles/WirelessKeyboard.dir/C_/Users/Monard/.pico-sdk/sdk/2.3.0/src/rp2_common/pico_runtime/runtime.c.obj
                0x1000d9dc                __pre_init_first_per_core_initializer
 .preinit_array.ZZZZZ.01200
                0x1000d9e0        0x4 CMakeFiles/WirelessKeyboard.dir/C_/Users/Monard/.pico-sdk/sdk/2.3.0/src/rp2_common/hardware_irq/irq.c.obj
                0x1000d9e0                __pre_init_runtime_init_per_core_irq_priorities
 .preinit_array.ZZZZZ.10060
                0x1000d9e4        0x4 CMakeFiles/WirelessKeyboard.dir/C_/Users/Monard/.pico-sdk/sdk/2.3.0/src/rp2_common/pico_thread_local/thread_local.c.obj
                0x1000d9e4                __pre_init_runtime_init_per_core_tls_setup
 *(.preinit_array)
                0x1000d9e8                        PROVIDE (__preinit_array_end = .)
                0x1000d9e8                        . = ALIGN (0x4)
                0x1000d9e8                        PROVIDE (__init_array_start = .)
 *(SORT_BY_NAME(.init_array.*))
 .init_array.01000
                0x1000d9e8        0x4 CMakeFiles/WirelessKeyboard.dir/C_/Users/Monard/.pico-sdk/sdk/2.3.0/src/rp2_common/pico_unique_id/unique_id.c.obj
 *(.init_array)
                0x1000d9ec                        PROVIDE (__init_array_end = .)
                [!provide]                        PROVIDE (__bothinit_array_end = .)
                0x1000d9ec                        . = ALIGN (0x4)
                [!provide]                        PROVIDE (__fini_array_start = .)
 *(SORT_BY_NAME(.fini_array.*))
 *(.fini_array)
                [!provide]                        PROVIDE (__fini_array_end = .)
                [!provide]                        PROVIDE (__dso_handle = 0x0)
 *(.eh_frame*)
                0x1000d9ec                        . = ALIGN (0x4)

.glue_7         0x1000d9ec        0x0
 .glue_7        0x1000d9ec        0x0 linker stubs

.glue_7t        0x1000d9ec        0x0
 .glue_7t       0x1000d9ec        0x0 linker stubs

.vfp11_veneer   0x1000d9ec        0x0
 .vfp11_veneer  0x1000d9ec        0x0 linker stubs

.v4_bx          0x1000d9ec        0x0
 .v4_bx         0x1000d9ec        0x0 linker stubs

.iplt           0x1000d9ec        0x0
 .iplt          0x1000d9ec        0x0 CMakeFiles/WirelessKeyboard.dir/WirelessKeyboard.c.obj

.rodata         0x1000d9f0      0x52c
 *(EXCLUDE_FILE(*libm.a: *lib*_a-mem*.o *libc.a: *libgcc.a:) .rodata*)
 .rodata.dfu_process_command
                0x1000d9f0       0x18 CMakeFiles/WirelessKeyboard.dir/WirelessKeyboard.c.obj
 .rodata.worker_core1_main
                0x1000da08       0x18 CMakeFiles/WirelessKeyboard.dir/WirelessKeyboard.c.obj
 .rodata.main.str1.4
                0x1000da20      0x19a CMakeFiles/WirelessKeyboard.dir/WirelessKeyboard.c.obj
                                 0x32 (size before relaxing)
 *fill*         0x1000dbba        0x2 
 .rodata.CSWTCH.496
                0x1000dbbc        0x4 CMakeFiles/WirelessKeyboard.dir/WirelessKeyboard.c.obj
 .rodata.clear_halt_request.2
                0x1000dbc0        0x8 CMakeFiles/WirelessKeyboard.dir/WirelessKeyboard.c.obj
 .rodata        0x1000dbc8       0x10 CMakeFiles/WirelessKeyboard.dir/WirelessKeyboard.c.obj
 .rodata.panic.str1.4
                0x1000dbd8        0x0 CMakeFiles/WirelessKeyboard.dir/C_/Users/Monard/.pico-sdk/sdk/2.3.0/src/rp2_common/pico_platform_panic/panic.c.obj
                                 0x11 (size before relaxing)
 .rodata.spin_lock_claim_unused.str1.4
                0x1000dbd8        0x0 CMakeFiles/WirelessKeyboard.dir/C_/Users/Monard/.pico-sdk/sdk/2.3.0/src/rp2_common/hardware_sync/sync.c.obj
                                 0x1b (size before relaxing)
 .rodata.timer_hardware_alarm_claim.str1.4
                0x1000dbd8        0x0 CMakeFiles/WirelessKeyboard.dir/C_/Users/Monard/.pico-sdk/sdk/2.3.0/src/rp2_common/hardware_timer/timer.c.obj
                                 0x22 (size before relaxing)
 .rodata.hard_assertion_failure.str1.4
                0x1000dbd8        0x0 CMakeFiles/WirelessKeyboard.dir/C_/Users/Monard/.pico-sdk/sdk/2.3.0/src/rp2_common/pico_runtime/runtime.c.obj
                                  0xc (size before relaxing)
 .rodata.__wrap_malloc.str1.4
                0x1000dbd8        0x0 CMakeFiles/WirelessKeyboard.dir/C_/Users/Monard/.pico-sdk/sdk/2.3.0/src/rp2_common/pico_malloc/malloc.c.obj
                                  0xe (size before relaxing)
 .rodata.str1.4
                0x1000dbd8        0x0 CMakeFiles/WirelessKeyboard.dir/C_/Users/Monard/.pico-sdk/sdk/2.3.0/src/rp2_common/pico_standard_binary_info/standard_binary_info.c.obj
                                 0x4c (size before relaxing)
 .rodata.__bi_84
                0x1000dbd8        0xc CMakeFiles/WirelessKeyboard.dir/C_/Users/Monard/.pico-sdk/sdk/2.3.0/src/rp2_common/pico_standard_binary_info/standard_binary_info.c.obj
 .rodata.__bi_78
                0x1000dbe4        0xc CMakeFiles/WirelessKeyboard.dir/C_/Users/Monard/.pico-sdk/sdk/2.3.0/src/rp2_common/pico_standard_binary_info/standard_binary_info.c.obj
 .rodata.__bi_60
                0x1000dbf0        0xc CMakeFiles/WirelessKeyboard.dir/C_/Users/Monard/.pico-sdk/sdk/2.3.0/src/rp2_common/pico_standard_binary_info/standard_binary_info.c.obj
 .rodata.__bi_54
                0x1000dbfc        0xc CMakeFiles/WirelessKeyboard.dir/C_/Users/Monard/.pico-sdk/sdk/2.3.0/src/rp2_common/pico_standard_binary_info/standard_binary_info.c.obj
 .rodata.__bi_48
                0x1000dc08        0xc CMakeFiles/WirelessKeyboard.dir/C_/Users/Monard/.pico-sdk/sdk/2.3.0/src/rp2_common/pico_standard_binary_info/standard_binary_info.c.obj
 .rodata.__bi_42
                0x1000dc14        0xc CMakeFiles/WirelessKeyboard.dir/C_/Users/Monard/.pico-sdk/sdk/2.3.0/src/rp2_common/pico_standard_binary_info/standard_binary_info.c.obj
 .rodata.__bi_34
                0x1000dc20        0xc CMakeFiles/WirelessKeyboard.dir/C_/Users/Monard/.pico-sdk/sdk/2.3.0/src/rp2_common/pico_standard_binary_info/standard_binary_info.c.obj
 .rodata.__bi_26
                0x1000dc2c        0xc CMakeFiles/WirelessKeyboard.dir/C_/Users/Monard/.pico-sdk/sdk/2.3.0/src/rp2_common/pico_standard_binary_info/standard_binary_info.c.obj
 .rodata._ftoa.str1.4
                0x1000dc38        0x0 CMakeFiles/WirelessKeyboard.dir/C_/Users/Monard/.pico-sdk/sdk/2.3.0/src/rp2_common/pico_printf/printf.c.obj
                                 0x15 (size before relaxing)
 .rodata._vsnprintf
                0x1000dc38      0x19c CMakeFiles/WirelessKeyboard.dir/C_/Users/Monard/.pico-sdk/sdk/2.3.0/src/rp2_common/pico_printf/printf.c.obj
 *fill*         0x1000ddd4        0x4 
 .rodata.pow10.0
                0x1000ddd8       0x50 CMakeFiles/WirelessKeyboard.dir/C_/Users/Monard/.pico-sdk/sdk/2.3.0/src/rp2_common/pico_printf/printf.c.obj
 .rodata.crlf_str.0
                0x1000de28        0x2 CMakeFiles/WirelessKeyboard.dir/C_/Users/Monard/.pico-sdk/sdk/2.3.0/src/rp2_common/pico_stdio/stdio.c.obj
 *fill*         0x1000de2a        0x2 
 .rodata.process_enumeration
                0x1000de2c       0x28 CMakeFiles/WirelessKeyboard.dir/C_/Users/Monard/.pico-sdk/sdk/2.3.0/lib/tinyusb/src/host/usbh.c.obj
 .rodata.usbh_class_drivers
                0x1000de54       0x1c CMakeFiles/WirelessKeyboard.dir/C_/Users/Monard/.pico-sdk/sdk/2.3.0/lib/tinyusb/src/host/usbh.c.obj
 .rodata.board_init.str1.4
                0x1000de70        0x0 CMakeFiles/WirelessKeyboard.dir/C_/Users/Monard/.pico-sdk/sdk/2.3.0/lib/tinyusb/hw/bsp/rp2040/family.c.obj
                                 0x32 (size before relaxing)
 .rodata.str1.4
                0x1000de70        0x0 CMakeFiles/WirelessKeyboard.dir/C_/Users/Monard/.pico-sdk/sdk/2.3.0/lib/tinyusb/hw/bsp/rp2040/family.c.obj
                                  0x4 (size before relaxing)
 .rodata.__bi_153.0
                0x1000de70        0xc CMakeFiles/WirelessKeyboard.dir/C_/Users/Monard/.pico-sdk/sdk/2.3.0/lib/tinyusb/hw/bsp/rp2040/family.c.obj
 .rodata        0x1000de7c       0x10 CMakeFiles/WirelessKeyboard.dir/C_/Users/Monard/.pico-sdk/sdk/2.3.0/lib/tinyusb/hw/bsp/rp2040/family.c.obj
 .rodata.usb_nrzi_decoder_debug_program
                0x1000de8c        0x8 CMakeFiles/WirelessKeyboard.dir/Pico-PIO-USB/src/pio_usb.c.obj
 .rodata.usb_nrzi_decoder_debug_program_instructions
                0x1000de94       0x14 CMakeFiles/WirelessKeyboard.dir/Pico-PIO-USB/src/pio_usb.c.obj
 .rodata.usb_nrzi_decoder_program
                0x1000dea8        0x8 CMakeFiles/WirelessKeyboard.dir/Pico-PIO-USB/src/pio_usb.c.obj
 .rodata.usb_nrzi_decoder_program_instructions
                0x1000deb0       0x14 CMakeFiles/WirelessKeyboard.dir/Pico-PIO-USB/src/pio_usb.c.obj
 .rodata.usb_edge_detector_debug_program
                0x1000dec4        0x8 CMakeFiles/WirelessKeyboard.dir/Pico-PIO-USB/src/pio_usb.c.obj
 .rodata.usb_edge_detector_debug_program_instructions
                0x1000decc       0x22 CMakeFiles/WirelessKeyboard.dir/Pico-PIO-USB/src/pio_usb.c.obj
 *fill*         0x1000deee        0x2 
 .rodata.usb_edge_detector_program
                0x1000def0        0x8 CMakeFiles/WirelessKeyboard.dir/Pico-PIO-USB/src/pio_usb.c.obj
 .rodata.usb_edge_detector_program_instructions
                0x1000def8       0x22 CMakeFiles/WirelessKeyboard.dir/Pico-PIO-USB/src/pio_usb.c.obj
 .rodata.pio_usb_host_send_setup.str1.4
                0x1000df1a        0x0 CMakeFiles/WirelessKeyboard.dir/Pico-PIO-USB/src/pio_usb_host.c.obj
                                 0x15 (size before relaxing)
 .rodata.pio_usb_host_endpoint_transfer.str1.4
                0x1000df1a        0x0 CMakeFiles/WirelessKeyboard.dir/Pico-PIO-USB/src/pio_usb_host.c.obj
                                 0x15 (size before relaxing)
 .rodata.pio_sm_claim.str1.4
                0x1000df1a        0x0 CMakeFiles/WirelessKeyboard.dir/C_/Users/Monard/.pico-sdk/sdk/2.3.0/src/rp2_common/hardware_pio/pio.c.obj
                                 0x40 (size before relaxing)
 .rodata.dma_channel_claim.str1.4
                0x1000df1a        0x0 CMakeFiles/WirelessKeyboard.dir/C_/Users/Monard/.pico-sdk/sdk/2.3.0/src/rp2_common/hardware_dma/dma.c.obj
                                 0x22 (size before relaxing)
 *(.srodata*)
                0x1000df1c                        . = ALIGN (0x4)
 *fill*         0x1000df1a        0x2 
 *(SORT_BY_ALIGNMENT(SORT_BY_NAME(.flashdata*)))
                0x1000df1c                        . = ALIGN (0x4)

.ARM.extab
 *(.ARM.extab* .gnu.linkonce.armextab.*)
                0x1000df1c                        __exidx_start = .

.ARM.exidx
 *(.ARM.exidx* .gnu.linkonce.armexidx.*)
                0x1000df1c                        __exidx_end = .
                0x1000df1c                        . = ALIGN (0x4)
                0x1000df1c                        __binary_info_start = .

.binary_info    0x1000df1c       0x24
 *(.binary_info.keep.*)
 .binary_info.keep.__bi_ptr84
                0x1000df1c        0x4 CMakeFiles/WirelessKeyboard.dir/C_/Users/Monard/.pico-sdk/sdk/2.3.0/src/rp2_common/pico_standard_binary_info/standard_binary_info.c.obj
 .binary_info.keep.__bi_ptr78
                0x1000df20        0x4 CMakeFiles/WirelessKeyboard.dir/C_/Users/Monard/.pico-sdk/sdk/2.3.0/src/rp2_common/pico_standard_binary_info/standard_binary_info.c.obj
 .binary_info.keep.__bi_ptr60
                0x1000df24        0x4 CMakeFiles/WirelessKeyboard.dir/C_/Users/Monard/.pico-sdk/sdk/2.3.0/src/rp2_common/pico_standard_binary_info/standard_binary_info.c.obj
 .binary_info.keep.__bi_ptr54
                0x1000df28        0x4 CMakeFiles/WirelessKeyboard.dir/C_/Users/Monard/.pico-sdk/sdk/2.3.0/src/rp2_common/pico_standard_binary_info/standard_binary_info.c.obj
 .binary_info.keep.__bi_ptr48
                0x1000df2c        0x4 CMakeFiles/WirelessKeyboard.dir/C_/Users/Monard/.pico-sdk/sdk/2.3.0/src/rp2_common/pico_standard_binary_info/standard_binary_info.c.obj
 .binary_info.keep.__bi_ptr42
                0x1000df30        0x4 CMakeFiles/WirelessKeyboard.dir/C_/Users/Monard/.pico-sdk/sdk/2.3.0/src/rp2_common/pico_standard_binary_info/standard_binary_info.c.obj
 .binary_info.keep.__bi_ptr34
                0x1000df34        0x4 CMakeFiles/WirelessKeyboard.dir/C_/Users/Monard/.pico-sdk/sdk/2.3.0/src/rp2_common/pico_standard_binary_info/standard_binary_info.c.obj
 .binary_info.keep.__bi_ptr26
                0x1000df38        0x4 CMakeFiles/WirelessKeyboard.dir/C_/Users/Monard/.pico-sdk/sdk/2.3.0/src/rp2_common/pico_standard_binary_info/standard_binary_info.c.obj
 .binary_info.keep.__bi_ptr153
                0x1000df3c        0x4 CMakeFiles/WirelessKeyboard.dir/C_/Users/Monard/.pico-sdk/sdk/2.3.0/lib/tinyusb/hw/bsp/rp2040/family.c.obj
 *(.binary_info.*)
                0x1000df40                        __binary_info_end = .
                0x1000df40                        . = ALIGN (0x4)

.xip_ram        0x15000000        0x0 load address 0x1000df40
                0x15000000                        __xip_ram_start__ = .
                0x15000000                        . = ALIGN (0x4)
 *(.xip_ram*)
                0x15000000                        . = ALIGN (0x4)
                0x15000000                        __xip_ram_end__ = .
                0x1000df40                        __xip_ram_source__ = LOADADDR (.xip_ram)

.ram_vector_table
                0x20000000       0xc0
 *(.ram_vector_table)
 .ram_vector_table
                0x20000000       0xc0 CMakeFiles/WirelessKeyboard.dir/C_/Users/Monard/.pico-sdk/sdk/2.3.0/src/rp2_common/pico_runtime_init/runtime_init.c.obj
                0x20000000                ram_vector_table

.uninitialized_data
                0x200000c0        0x0
                0x200000c0                        . = ALIGN (0x4)
 *(.uninitialized_data*)

.data           0x200000c0     0x4360 load address 0x1000df40
                0x200000c0                        __data_start__ = .
 *(vtable)
 *(.time_critical*)
 .time_critical.dfu_core0_flash_exec
                0x200000c0       0x68 CMakeFiles/WirelessKeyboard.dir/WirelessKeyboard.c.obj
 .time_critical.dfu_apply_and_reboot
                0x20000128       0xb0 CMakeFiles/WirelessKeyboard.dir/WirelessKeyboard.c.obj
 .time_critical.dfu_flash_program
                0x200001d8       0x5c CMakeFiles/WirelessKeyboard.dir/WirelessKeyboard.c.obj
 .time_critical.dfu_flash_erase
                0x20000234       0x5c CMakeFiles/WirelessKeyboard.dir/WirelessKeyboard.c.obj
 .time_critical.handle_endpoint_irq
                0x20000290       0x8c CMakeFiles/WirelessKeyboard.dir/C_/Users/Monard/.pico-sdk/sdk/2.3.0/lib/tinyusb/src/portable/raspberrypi/pio_usb/hcd_pio_usb.c.obj
 .time_critical.pio_usb_host_irq_handler
                0x2000031c       0x88 CMakeFiles/WirelessKeyboard.dir/C_/Users/Monard/.pico-sdk/sdk/2.3.0/lib/tinyusb/src/portable/raspberrypi/pio_usb/hcd_pio_usb.c.obj
                0x2000031c                pio_usb_host_irq_handler
 .time_critical.mutex_enter_blocking
                0x200003a4       0x48 CMakeFiles/WirelessKeyboard.dir/C_/Users/Monard/.pico-sdk/sdk/2.3.0/src/common/pico_sync/mutex.c.obj
                0x200003a4                mutex_enter_blocking
 .time_critical.mutex_try_enter
                0x200003ec       0x40 CMakeFiles/WirelessKeyboard.dir/C_/Users/Monard/.pico-sdk/sdk/2.3.0/src/common/pico_sync/mutex.c.obj
                0x200003ec                mutex_try_enter
 .time_critical.mutex_enter_block_until
                0x2000042c       0x64 CMakeFiles/WirelessKeyboard.dir/C_/Users/Monard/.pico-sdk/sdk/2.3.0/src/common/pico_sync/mutex.c.obj